Component: ARM Compiler 5.06 update 6 (build 750) Tool: armlink [4d35ed]

==============================================================================

Section Cross References

    startup_stm32h743xx.o(STACK) refers (Special) to heapauxi.o(.text) for __use_two_region_memory
    startup_stm32h743xx.o(HEAP) refers (Special) to heapauxi.o(.text) for __use_two_region_memory
    startup_stm32h743xx.o(RESET) refers (Special) to heapauxi.o(.text) for __use_two_region_memory
    startup_stm32h743xx.o(RESET) refers to startup_stm32h743xx.o(STACK) for __initial_sp
    startup_stm32h743xx.o(RESET) refers to startup_stm32h743xx.o(.text) for Reset_Handler
    startup_stm32h743xx.o(RESET) refers to os_cpu_a.o(.text) for PendSV_Handler
    startup_stm32h743xx.o(RESET) refers to delay.o(i.SysTick_Handler) for SysTick_Handler
    startup_stm32h743xx.o(RESET) refers to usart.o(i.USART1_IRQHandler) for USART1_IRQHandler
    startup_stm32h743xx.o(.text) refers (Special) to heapauxi.o(.text) for __use_two_region_memory
    startup_stm32h743xx.o(.text) refers to __main.o(!!!main) for __main
    startup_stm32h743xx.o(.text) refers to startup_stm32h743xx.o(HEAP) for Heap_Mem
    startup_stm32h743xx.o(.text) refers to startup_stm32h743xx.o(STACK) for Stack_Mem
    test.o(i.led0_task) refers to sys.o(i.GPIO_Pin_Set) for GPIO_Pin_Set
    test.o(i.led0_task) refers to delay.o(i.delay_ms) for delay_ms
    test.o(i.led1_task) refers to sys.o(i.GPIO_Pin_Set) for GPIO_Pin_Set
    test.o(i.led1_task) refers to delay.o(i.delay_ms) for delay_ms
    test.o(i.main) refers to sys.o(i.Stm32_Clock_Init) for Stm32_Clock_Init
    test.o(i.main) refers to delay.o(i.delay_init) for delay_init
    test.o(i.main) refers to led.o(i.LED_Init) for LED_Init
    test.o(i.main) refers to os_core.o(i.OSInit) for OSInit
    test.o(i.main) refers to os_task.o(i.OSTaskCreateExt) for OSTaskCreateExt
    test.o(i.main) refers to os_core.o(i.OSStart) for OSStart
    test.o(i.main) refers to test.o(.bss) for START_TASK_STK
    test.o(i.main) refers to test.o(i.start_task) for start_task
    test.o(i.start_task) refers to os_core.o(i.OSStatInit) for OSStatInit
    test.o(i.start_task) refers to os_cpu_a.o(.text) for OS_CPU_SR_Save
    test.o(i.start_task) refers to os_task.o(i.OSTaskCreateExt) for OSTaskCreateExt
    test.o(i.start_task) refers to os_task.o(i.OSTaskSuspend) for OSTaskSuspend
    test.o(i.start_task) refers to test.o(.bss) for LED0_TASK_STK
    test.o(i.start_task) refers to test.o(i.led0_task) for led0_task
    test.o(i.start_task) refers to test.o(i.led1_task) for led1_task
    delay.o(i.SysTick_Handler) refers to os_core.o(i.OSIntEnter) for OSIntEnter
    delay.o(i.SysTick_Handler) refers to os_core.o(i.OSTimeTick) for OSTimeTick
    delay.o(i.SysTick_Handler) refers to os_core.o(i.OSIntExit) for OSIntExit
    delay.o(i.SysTick_Handler) refers to os_core.o(.data) for OSRunning
    delay.o(i.delay_init) refers to delay.o(.data) for fac_us
    delay.o(i.delay_ms) refers to delay.o(i.delay_ostimedly) for delay_ostimedly
    delay.o(i.delay_ms) refers to delay.o(i.delay_us) for delay_us
    delay.o(i.delay_ms) refers to os_core.o(.data) for OSRunning
    delay.o(i.delay_ms) refers to delay.o(.data) for fac_ms
    delay.o(i.delay_osschedlock) refers to os_core.o(i.OSSchedLock) for OSSchedLock
    delay.o(i.delay_osschedunlock) refers to os_core.o(i.OSSchedUnlock) for OSSchedUnlock
    delay.o(i.delay_ostimedly) refers to os_time.o(i.OSTimeDly) for OSTimeDly
    delay.o(i.delay_us) refers to delay.o(i.delay_osschedlock) for delay_osschedlock
    delay.o(i.delay_us) refers to delay.o(i.delay_osschedunlock) for delay_osschedunlock
    delay.o(i.delay_us) refers to delay.o(.data) for fac_us
    sys.o(i.Cache_Enable) refers to sys.o(i.SCB_EnableICache) for SCB_EnableICache
    sys.o(i.Cache_Enable) refers to sys.o(i.SCB_EnableDCache) for SCB_EnableDCache
    sys.o(i.MY_NVIC_Init) refers to sys.o(i.MY_NVIC_PriorityGroupConfig) for MY_NVIC_PriorityGroupConfig
    sys.o(i.Stm32_Clock_Init) refers to sys.o(i.Cache_Enable) for Cache_Enable
    sys.o(i.Stm32_Clock_Init) refers to sys.o(i.Sys_Clock_Set) for Sys_Clock_Set
    sys.o(i.Stm32_Clock_Init) refers to sys.o(i.MY_NVIC_SetVectorTable) for MY_NVIC_SetVectorTable
    sys.o(i.Sys_Standby) refers to sys.o(i.WFI_SET) for WFI_SET
    usart.o(.rev16_text) refers (Special) to use_no_semi_2.o(.text) for __use_no_semihosting
    usart.o(.revsh_text) refers (Special) to use_no_semi_2.o(.text) for __use_no_semihosting
    usart.o(.rrx_text) refers (Special) to use_no_semi_2.o(.text) for __use_no_semihosting
    usart.o(i.USART1_IRQHandler) refers (Special) to use_no_semi_2.o(.text) for __use_no_semihosting
    usart.o(i.USART1_IRQHandler) refers to os_core.o(i.OSIntEnter) for OSIntEnter
    usart.o(i.USART1_IRQHandler) refers to os_core.o(i.OSIntExit) for OSIntExit
    usart.o(i.USART1_IRQHandler) refers to usart.o(.data) for USART_RX_STA
    usart.o(i.USART1_IRQHandler) refers to usart.o(.bss) for USART_RX_BUF
[...]
    libshutdown.o(.ARM.Collect$$libshutdown$$00000000) refers (Special) to libshutdown2.o(.ARM.Collect$$libshutdown$$0000000C) for __rt_lib_shutdown_user_alloc_1
    sys_command.o(.text) refers (Special) to use_no_semi.o(.text) for __I$use$semihosting
    sys_command.o(.text) refers (Special) to indicate_semi.o(.text) for __semihosting_library_function
    defsig_abrt_inner.o(.text) refers to defsig_general.o(.text) for __default_signal_display
    defsig_rtred_inner.o(.text) refers to defsig_general.o(.text) for __default_signal_display
    defsig_rtmem_inner.o(.text) refers to defsig_general.o(.text) for __default_signal_display
    defsig_rtmem_outer.o(.text) refers to defsig_rtmem_inner.o(.text) for __rt_SIGRTMEM_inner
    defsig_rtmem_outer.o(.text) refers to defsig_exit.o(.text) for __sig_exit
    defsig_rtmem_formal.o(.text) refers to rt_raise.o(.text) for __rt_raise
    defsig_stak_inner.o(.text) refers to defsig_general.o(.text) for __default_signal_display
    defsig_pvfn_inner.o(.text) refers to defsig_general.o(.text) for __default_signal_display
    defsig_cppl_inner.o(.text) refers to defsig_general.o(.text) for __default_signal_display
    defsig_segv_inner.o(.text) refers to defsig_general.o(.text) for __default_signal_display
    defsig_other.o(.text) refers to defsig_general.o(.text) for __default_signal_display


==============================================================================

Removing Unused input sections from the image.

    Removing test.o(.rev16_text), (4 bytes).
    Removing test.o(.revsh_text), (4 bytes).
    Removing test.o(.rrx_text), (6 bytes).
    Removing delay.o(.rev16_text), (4 bytes).
    Removing delay.o(.revsh_text), (4 bytes).
    Removing delay.o(.rrx_text), (6 bytes).
    Removing sys.o(.rev16_text), (4 bytes).
    Removing sys.o(.revsh_text), (4 bytes).
    Removing sys.o(.rrx_text), (6 bytes).
    Removing sys.o(.emb_text), (6 bytes).
    Removing sys.o(i.Ex_NVIC_Config), (184 bytes).
    Removing sys.o(i.GPIO_AF_Set), (64 bytes).
    Removing sys.o(i.GPIO_Pin_Get), (16 bytes).
    Removing sys.o(i.INTX_DISABLE), (4 bytes).
    Removing sys.o(i.INTX_ENABLE), (4 bytes).
    Removing sys.o(i.MY_NVIC_Init), (120 bytes).
    Removing sys.o(i.MY_NVIC_PriorityGroupConfig), (40 bytes).
    Removing sys.o(i.Sys_Soft_Reset), (16 bytes).
    Removing sys.o(i.Sys_Standby), (104 bytes).
    Removing sys.o(i.WFI_SET), (4 bytes).
    Removing usart.o(.rev16_text), (4 bytes).
    Removing usart.o(.revsh_text), (4 bytes).
    Removing usart.o(.rrx_text), (6 bytes).
    Removing usart.o(i._ttywrch), (4 bytes).
    Removing usart.o(i.fputc), (28 bytes).
    Removing usart.o(i.uart_init), (188 bytes).
    Removing led.o(.rev16_text), (4 bytes).
    Removing led.o(.revsh_text), (4 bytes).
    Removing led.o(.rrx_text), (6 bytes).
    Removing bsp.o(.rev16_text), (4 bytes).
    Removing bsp.o(.revsh_text), (4 bytes).
    Removing bsp.o(.rrx_text), (6 bytes).
    Removing bsp.o(i.BSP_CPU_ClkFreq), (8 bytes).
    Removing cpu_bsp.o(.rev16_text), (4 bytes).
    Removing cpu_bsp.o(.revsh_text), (4 bytes).
    Removing cpu_bsp.o(.rrx_text), (6 bytes).
    Removing cpu_bsp.o(i.CPU_TS32_to_uSec), (60 bytes).
    Removing cpu_bsp.o(i.CPU_TS_TmrInit), (52 bytes).
    Removing cpu_bsp.o(i.CPU_TS_TmrRd), (12 bytes).
    Removing cpu_core.o(i.CPU_CntLeadZeros08), (18 bytes).
    Removing cpu_core.o(i.CPU_CntLeadZeros16), (18 bytes).
    Removing cpu_core.o(i.CPU_CntLeadZeros32), (18 bytes).
    Removing cpu_core.o(i.CPU_CntLeadZeros64), (192 bytes).
    Removing cpu_core.o(i.CPU_CntTrailZeros08), (22 bytes).
    Removing cpu_core.o(i.CPU_CntTrailZeros16), (22 bytes).
    Removing cpu_core.o(i.CPU_CntTrailZeros32), (22 bytes).
    Removing cpu_core.o(i.CPU_CntTrailZeros64), (62 bytes).
    Removing cpu_core.o(i.CPU_Init), (16 bytes).
    Removing cpu_core.o(i.CPU_IntDisMeasInit), (132 bytes).
    Removing cpu_core.o(i.CPU_IntDisMeasMaxCalc), (28 bytes).
    Removing cpu_core.o(i.CPU_IntDisMeasMaxCurGet), (44 bytes).
    Removing cpu_core.o(i.CPU_IntDisMeasMaxCurReset), (44 bytes).
    Removing cpu_core.o(i.CPU_IntDisMeasMaxGet), (44 bytes).
    Removing cpu_core.o(i.CPU_IntDisMeasStart), (52 bytes).
    Removing cpu_core.o(i.CPU_IntDisMeasStop), (84 bytes).
    Removing cpu_core.o(i.CPU_NameClr), (56 bytes).
    Removing cpu_core.o(i.CPU_NameGet), (84 bytes).
    Removing cpu_core.o(i.CPU_NameInit), (8 bytes).
    Removing cpu_core.o(i.CPU_NameSet), (108 bytes).
    Removing cpu_core.o(i.CPU_PopCnt32), (56 bytes).
    Removing cpu_core.o(i.CPU_SW_Exception), (4 bytes).
    Removing cpu_core.o(i.CPU_TS_Get32), (12 bytes).
    Removing cpu_core.o(i.CPU_TS_Init), (20 bytes).
    Removing cpu_core.o(i.CPU_TS_TmrFreqGet), (36 bytes).
    Removing cpu_core.o(i.CPU_TS_TmrFreqSet), (12 bytes).
    Removing cpu_core.o(i.CPU_TS_Update), (2 bytes).
    Removing cpu_core.o(.bss), (16 bytes).
    Removing cpu_core.o(.constdata), (260 bytes).
    Removing cpu_core.o(.data), (28 bytes).
    Removing cpu_c.o(i.CPU_BitBandClr), (68 bytes).
    Removing cpu_c.o(i.CPU_BitBandSet), (68 bytes).
    Removing cpu_c.o(i.CPU_IntSrcDis), (376 bytes).
    Removing cpu_c.o(i.CPU_IntSrcEn), (376 bytes).
    Removing cpu_c.o(i.CPU_IntSrcPendClr), (172 bytes).
    Removing cpu_c.o(i.CPU_IntSrcPrioGet), (520 bytes).
    Removing cpu_c.o(i.CPU_IntSrcPrioSet), (564 bytes).
    Removing cpu_a.o(.text), (52 bytes).
    Removing lib_ascii.o(i.ASCII_Cmp), (38 bytes).
    Removing lib_ascii.o(i.ASCII_IsAlpha), (48 bytes).
    Removing lib_ascii.o(i.ASCII_IsAlphaNum), (76 bytes).
    Removing lib_ascii.o(i.ASCII_IsBlank), (20 bytes).
    Removing lib_ascii.o(i.ASCII_IsCtrl), (26 bytes).
    Removing lib_ascii.o(i.ASCII_IsDig), (20 bytes).
    Removing lib_ascii.o(i.ASCII_IsDigHex), (36 bytes).
    Removing lib_ascii.o(i.ASCII_IsDigOct), (20 bytes).
    Removing lib_ascii.o(i.ASCII_IsGraph), (20 bytes).
    Removing lib_ascii.o(i.ASCII_IsLower), (20 bytes).
    Removing lib_ascii.o(i.ASCII_IsPrint), (20 bytes).
    Removing lib_ascii.o(i.ASCII_IsPunct), (134 bytes).
    Removing lib_ascii.o(i.ASCII_IsSpace), (36 bytes).
    Removing lib_ascii.o(i.ASCII_IsUpper), (20 bytes).
    Removing lib_ascii.o(i.ASCII_ToLower), (32 bytes).
    Removing lib_ascii.o(i.ASCII_ToUpper), (32 bytes).
    Removing lib_math.o(i.Math_Init), (10 bytes).
    Removing lib_math.o(i.Math_Rand), (64 bytes).
    Removing lib_math.o(i.Math_RandSeed), (24 bytes).
    Removing lib_math.o(i.Math_RandSetSeed), (52 bytes).
    Removing lib_math.o(.data), (4 bytes).
    Removing lib_mem.o(i.Mem_Clr), (18 bytes).
    Removing lib_mem.o(i.Mem_Cmp), (192 bytes).
    Removing lib_mem.o(i.Mem_DynPoolBlkFree), (142 bytes).
    Removing lib_mem.o(i.Mem_DynPoolBlkGet), (210 bytes).
    Removing lib_mem.o(i.Mem_DynPoolBlkNbrAvailGet), (78 bytes).
    Removing lib_mem.o(i.Mem_DynPoolCreate), (64 bytes).
    Removing lib_mem.o(i.Mem_DynPoolCreateHW), (64 bytes).
    Removing lib_mem.o(i.Mem_DynPoolCreateInternal), (210 bytes).
    Removing lib_mem.o(i.Mem_HeapAlloc), (60 bytes).
    Removing lib_mem.o(i.Mem_HeapGetSizeRem), (44 bytes).
    Removing lib_mem.o(i.Mem_Init), (72 bytes).
    Removing lib_mem.o(i.Mem_Move), (186 bytes).
    Removing lib_mem.o(i.Mem_PoolBlkFree), (108 bytes).
    Removing lib_mem.o(i.Mem_PoolBlkGet), (100 bytes).
    Removing lib_mem.o(i.Mem_PoolBlkGetNbrAvail), (60 bytes).
    Removing lib_mem.o(i.Mem_PoolClr), (22 bytes).
    Removing lib_mem.o(i.Mem_PoolCreate), (440 bytes).
    Removing lib_mem.o(i.Mem_SegAlloc), (52 bytes).
    Removing lib_mem.o(i.Mem_SegAllocExt), (52 bytes).
    Removing lib_mem.o(i.Mem_SegAllocExtCritical), (164 bytes).
    Removing lib_mem.o(i.Mem_SegAllocHW), (52 bytes).
    Removing lib_mem.o(i.Mem_SegAllocInternal), (112 bytes).
    Removing lib_mem.o(i.Mem_SegClr), (56 bytes).
    Removing lib_mem.o(i.Mem_SegCreate), (82 bytes).
    Removing lib_mem.o(i.Mem_SegCreateCritical), (32 bytes).
    Removing lib_mem.o(i.Mem_SegOverlapChkCritical), (88 bytes).
    Removing lib_mem.o(i.Mem_SegRemSizeGet), (132 bytes).
    Removing lib_mem.o(i.Mem_Set), (84 bytes).
    Removing lib_mem.o(.bss), (1044 bytes).
    Removing lib_mem.o(.data), (4 bytes).
    Removing lib_str.o(i.Str_Cat), (24 bytes).
    Removing lib_str.o(i.Str_Cat_N), (90 bytes).
    Removing lib_str.o(i.Str_Char), (24 bytes).
    Removing lib_str.o(i.Str_Char_Last), (24 bytes).
    Removing lib_str.o(i.Str_Char_Last_N), (76 bytes).
    Removing lib_str.o(i.Str_Char_N), (74 bytes).
    Removing lib_str.o(i.Str_Char_Replace), (28 bytes).
    Removing lib_str.o(i.Str_Char_Replace_N), (52 bytes).
    Removing lib_str.o(i.Str_Cmp), (24 bytes).
    Removing lib_str.o(i.Str_CmpIgnoreCase), (24 bytes).
    Removing lib_str.o(i.Str_CmpIgnoreCase_N), (264 bytes).
    Removing lib_str.o(i.Str_Cmp_N), (156 bytes).
    Removing lib_str.o(i.Str_Copy), (24 bytes).
    Removing lib_str.o(i.Str_Copy_N), (70 bytes).
    Removing lib_str.o(i.Str_FmtNbr_Int32), (474 bytes).
    Removing lib_str.o(i.Str_FmtNbr_Int32S), (62 bytes).
    Removing lib_str.o(i.Str_FmtNbr_Int32U), (46 bytes).
    Removing lib_str.o(i.Str_Len), (20 bytes).
    Removing lib_str.o(i.Str_Len_N), (28 bytes).
    Removing lib_str.o(i.Str_ParseNbr_Int32), (452 bytes).
    Removing lib_str.o(i.Str_ParseNbr_Int32S), (74 bytes).
    Removing lib_str.o(i.Str_ParseNbr_Int32U), (30 bytes).
    Removing lib_str.o(i.Str_Str), (24 bytes).
    Removing lib_str.o(i.Str_Str_N), (182 bytes).
    Removing lib_str.o(.constdata), (148 bytes).
    Removing lib_mem_a.o(.text), (544 bytes).
    Removing os_core.o(i.OSVersion), (6 bytes).
    Removing os_core.o(i.OS_EventTaskRdy), (132 bytes).
    Removing os_core.o(i.OS_EventTaskWait), (124 bytes).
    Removing os_core.o(i.OS_EventWaitListInit), (28 bytes).
    Removing os_core.o(i.OS_MemCopy), (20 bytes).
    Removing os_core.o(i.OS_StrLen), (20 bytes).
    Removing os_flag.o(i.OSFlagAccept), (252 bytes).
    Removing os_flag.o(i.OSFlagCreate), (100 bytes).
    Removing os_flag.o(i.OSFlagDel), (228 bytes).
    Removing os_flag.o(i.OSFlagNameGet), (84 bytes).
    Removing os_flag.o(i.OSFlagNameSet), (72 bytes).
    Removing os_flag.o(i.OSFlagPend), (596 bytes).
    Removing os_flag.o(i.OSFlagPendGetFlagsRdy), (32 bytes).
    Removing os_flag.o(i.OSFlagPost), (320 bytes).
    Removing os_flag.o(i.OSFlagQuery), (48 bytes).
    Removing os_flag.o(i.OS_FlagBlock), (164 bytes).
    Removing os_flag.o(i.OS_FlagTaskRdy), (96 bytes).
    Removing os_mbox.o(i.OSMboxAccept), (38 bytes).
    Removing os_mbox.o(i.OSMboxCreate), (76 bytes).
    Removing os_mbox.o(i.OSMboxDel), (208 bytes).
    Removing os_mbox.o(i.OSMboxPend), (260 bytes).
    Removing os_mbox.o(i.OSMboxPendAbort), (128 bytes).
    Removing os_mbox.o(i.OSMboxPost), (80 bytes).
    Removing os_mbox.o(i.OSMboxPostOpt), (120 bytes).
    Removing os_mbox.o(i.OSMboxQuery), (76 bytes).
    Removing os_mutex.o(i.OSMutexAccept), (148 bytes).
    Removing os_mutex.o(i.OSMutexCreate), (156 bytes).
    Removing os_mutex.o(i.OSMutexDel), (296 bytes).
    Removing os_mutex.o(i.OSMutexPend), (584 bytes).
    Removing os_mutex.o(i.OSMutexPost), (208 bytes).
    Removing os_mutex.o(i.OSMutexQuery), (112 bytes).
    Removing os_mutex.o(i.OSMutex_RdyAtPrio), (132 bytes).
    Removing os_q.o(i.OSQAccept), (88 bytes).
    Removing os_q.o(i.OSQCreate), (152 bytes).
    Removing os_q.o(i.OSQDel), (248 bytes).
    Removing os_q.o(i.OSQFlush), (36 bytes).
    Removing os_q.o(i.OSQPend), (284 bytes).
    Removing os_q.o(i.OSQPendAbort), (128 bytes).
    Removing os_q.o(i.OSQPost), (114 bytes).
    Removing os_q.o(i.OSQPostFront), (116 bytes).
    Removing os_q.o(i.OSQPostOpt), (182 bytes).
    Removing os_q.o(i.OSQQuery), (98 bytes).
    Removing os_sem.o(i.OSSemAccept), (42 bytes).
    Removing os_sem.o(i.OSSemCreate), (76 bytes).
    Removing os_sem.o(i.OSSemDel), (208 bytes).
    Removing os_sem.o(i.OSSemPend), (236 bytes).
    Removing os_sem.o(i.OSSemPendAbort), (128 bytes).
    Removing os_sem.o(i.OSSemPost), (88 bytes).
    Removing os_sem.o(i.OSSemQuery), (76 bytes).
    Removing os_sem.o(i.OSSemSet), (66 bytes).
    Removing os_task.o(i.OSTaskChangePrio), (328 bytes).
    Removing os_task.o(i.OSTaskCreate), (160 bytes).
    Removing os_task.o(i.OSTaskDelReq), (108 bytes).
    Removing os_task.o(i.OSTaskNameGet), (128 bytes).
    Removing os_task.o(i.OSTaskQuery), (92 bytes).
    Removing os_task.o(i.OSTaskRegGet), (68 bytes).
    Removing os_task.o(i.OSTaskRegGetID), (64 bytes).
    Removing os_task.o(i.OSTaskRegSet), (72 bytes).
    Removing os_task.o(i.OSTaskResume), (176 bytes).
    Removing os_time.o(i.OSTimeDlyHMSM), (96 bytes).
    Removing os_time.o(i.OSTimeDlyResume), (180 bytes).
    Removing os_time.o(i.OSTimeGet), (28 bytes).
    Removing os_time.o(i.OSTimeSet), (28 bytes).
    Removing os_cpu_c.o(.rev16_text), (4 bytes).
    Removing os_cpu_c.o(.revsh_text), (4 bytes).
    Removing os_cpu_c.o(.rrx_text), (6 bytes).
    Removing os_cpu_c.o(i.OS_CPU_SysTickHandler), (40 bytes).
    Removing os_cpu_c.o(i.OS_CPU_SysTickInit), (48 bytes).
    Removing app_hooks.o(.rev16_text), (4 bytes).
    Removing app_hooks.o(.revsh_text), (4 bytes).
    Removing app_hooks.o(.rrx_text), (6 bytes).

225 unused section(s) (total 21496 bytes) removed from the image.

==============================================================================

Image Symbol Table

    Local Symbols

    Symbol Name                              Value     Ov Type        Size  Object(Section)

    ../clib/angel/boardlib.s                 0x00000000   Number         0  boardinit1.o ABSOLUTE
    ../clib/angel/boardlib.s                 0x00000000   Number         0  boardshut.o ABSOLUTE
    ../clib/angel/boardlib.s                 0x00000000   Number         0  boardinit2.o ABSOLUTE
    ../clib/angel/boardlib.s                 0x00000000   Number         0  boardinit3.o ABSOLUTE
    ../clib/angel/handlers.s                 0x00000000   Number         0  __scatter_zi.o ABSOLUTE
    ../clib/angel/handlers.s                 0x00000000   Number         0  __scatter_copy.o ABSOLUTE
    ../clib/angel/kernel.s                   0x00000000   Number         0  __rtentry4.o ABSOLUTE
    ../clib/angel/kernel.s                   0x00000000   Number         0  __rtentry2.o ABSOLUTE
    ../clib/angel/kernel.s                   0x00000000   Number         0  __rtentry.o ABSOLUTE
    ../clib/angel/kernel.s                   0x00000000   Number         0  rtexit.o ABSOLUTE
    ../clib/angel/kernel.s                   0x00000000   Number         0  rtexit2.o ABSOLUTE
    ../clib/angel/rt.s                       0x00000000   Number         0  aeabi_ldiv0_sigfpe.o ABSOLUTE
    ../clib/angel/rt.s                       0x00000000   Number         0  rt_raise.o ABSOLUTE
    ../clib/angel/rt.s                       0x00000000   Number         0  aeabi_ldiv0.o ABSOLUTE
    ../clib/angel/rt.s                       0x00000000   Number         0  rt_div0.o ABSOLUTE
    ../clib/angel/scatter.s                  0x00000000   Number         0  __scatter.o ABSOLUTE
    ../clib/angel/startup.s                  0x00000000   Number         0  __main.o ABSOLUTE
    ../clib/angel/sys.s                      0x00000000   Number         0  indicate_semi.o ABSOLUTE
    ../clib/angel/sys.s                      0x00000000   Number         0  use_no_semi_2.o ABSOLUTE
    ../clib/angel/sys.s                      0x00000000   Number         0  sys_stackheap_outer.o ABSOLUTE
    ../clib/angel/sys.s                      0x00000000   Number         0  use_no_semi.o ABSOLUTE
    ../clib/angel/sys.s                      0x00000000   Number         0  libspace.o ABSOLUTE
    ../clib/angel/sysapp.c                   0x00000000   Number         0  sys_command.o ABSOLUTE
    ../clib/armsys.c                         0x00000000   Number         0  no_argv.o ABSOLUTE
    ../clib/armsys.c                         0x00000000   Number         0  argv_veneer.o ABSOLUTE
    ../clib/armsys.c                         0x00000000   Number         0  _get_argv_nomalloc.o ABSOLUTE
    ../clib/armsys.c                         0x00000000   Number         0  argv_veneer.o ABSOLUTE
    ../clib/heapalloc.c                      0x00000000   Number         0  hrguard.o ABSOLUTE
    ../clib/heapaux.c                        0x00000000   Number         0  heapauxi.o ABSOLUTE
    ../clib/libinit.s                        0x00000000   Number         0  libshutdown2.o ABSOLUTE
    ../clib/libinit.s                        0x00000000   Number         0  libinit.o ABSOLUTE
    ../clib/libinit.s                        0x00000000   Number         0  libinit2.o ABSOLUTE
    ../clib/libinit.s                        0x00000000   Number         0  libshutdown.o ABSOLUTE
    ../clib/longlong.s                       0x00000000   Number         0  lludivv7m.o ABSOLUTE
    ../clib/signal.c                         0x00000000   Number         0  defsig_rtmem_formal.o ABSOLUTE
    ../clib/signal.c                         0x00000000   Number         0  defsig_rtmem_outer.o ABSOLUTE
    ../clib/signal.c                         0x00000000   Number         0  defsig_rtmem_inner.o ABSOLUTE
    ../clib/signal.c                         0x00000000   Number         0  defsig_rtred_inner.o ABSOLUTE
    ../clib/signal.c                         0x00000000   Number         0  defsig_abrt_inner.o ABSOLUTE
    ../clib/signal.c                         0x00000000   Number         0  defsig_general.o ABSOLUTE
    ../clib/signal.c                         0x00000000   Number         0  __raise.o ABSOLUTE
    ../clib/signal.c                         0x00000000   Number         0  defsig_fpe_inner.o ABSOLUTE
    ../clib/signal.c                         0x00000000   Number         0  defsig_exit.o ABSOLUTE
    ../clib/signal.c                         0x00000000   Number         0  defsig_fpe_formal.o ABSOLUTE
    ../clib/signal.c                         0x00000000   Number         0  defsig_fpe_outer.o ABSOLUTE
    ../clib/signal.c                         0x00000000   Number         0  defsig_other.o ABSOLUTE
    ../clib/signal.c                         0x00000000   Number         0  defsig_segv_inner.o ABSOLUTE
    ../clib/signal.c                         0x00000000   Number         0  defsig_cppl_inner.o ABSOLUTE
    ../clib/signal.c                         0x00000000   Number         0  defsig_pvfn_inner.o ABSOLUTE
    ../clib/signal.c                         0x00000000   Number         0  defsig_stak_inner.o ABSOLUTE
    ../clib/signal.s                         0x00000000   Number         0  defsig.o ABSOLUTE
    ../clib/stdlib.c                         0x00000000   Number         0  exit.o ABSOLUTE
    ../fplib/fpinit.s                        0x00000000   Number         0  fpinit.o ABSOLUTE
    ..\HARDWARE\LED\led.c                    0x00000000   Number         0  led.o ABSOLUTE
    ..\SYSTEM\delay\delay.c                  0x00000000   Number         0  delay.o ABSOLUTE
    ..\SYSTEM\sys\sys.c                      0x00000000   Number         0  sys.o ABSOLUTE
    ..\SYSTEM\usart\usart.c                  0x00000000   Number         0  usart.o ABSOLUTE
    ..\UCOSII\UCOS_BSP\bsp.c                 0x00000000   Number         0  bsp.o ABSOLUTE
    ..\UCOSII\UCOS_BSP\cpu_bsp.c             0x00000000   Number         0  cpu_bsp.o ABSOLUTE
    ..\UCOSII\uC-CPU\ARM-Cortex-M4\RealView\cpu_a.asm 0x00000000   Number         0  cpu_a.o ABSOLUTE
    ..\UCOSII\uC-CPU\ARM-Cortex-M4\RealView\cpu_c.c 0x00000000   Number         0  cpu_c.o ABSOLUTE
    ..\UCOSII\uC-CPU\cpu_core.c              0x00000000   Number         0  cpu_core.o ABSOLUTE
    ..\UCOSII\uC-LIB\Ports\ARM-Cortex-M4\RealView\lib_mem_a.asm 0x00000000   Number         0  lib_mem_a.o ABSOLUTE
    ..\UCOSII\uC-LIB\lib_ascii.c             0x00000000   Number         0  lib_ascii.o ABSOLUTE
    ..\UCOSII\uC-LIB\lib_math.c              0x00000000   Number         0  lib_math.o ABSOLUTE
    ..\UCOSII\uC-LIB\lib_mem.c               0x00000000   Number         0  lib_mem.o ABSOLUTE
    ..\UCOSII\uC-LIB\lib_str.c               0x00000000   Number         0  lib_str.o ABSOLUTE
    ..\UCOSII\uCOS-CONFIG\app_hooks.c        0x00000000   Number         0  app_hooks.o ABSOLUTE
    ..\UCOSII\uCOS-II\Ports\ARM-Cortex-M4\Generic\RealView\os_cpu_a.asm 0x00000000   Number         0  os_cpu_a.o ABSOLUTE
    ..\UCOSII\uCOS-II\Ports\ARM-Cortex-M4\Generic\RealView\os_cpu_c.c 0x00000000   Number         0  os_cpu_c.o ABSOLUTE
    ..\UCOSII\uCOS-II\Source\os_core.c       0x00000000   Number         0  os_core.o ABSOLUTE
    ..\UCOSII\uCOS-II\Source\os_flag.c       0x00000000   Number         0  os_flag.o ABSOLUTE
    ..\UCOSII\uCOS-II\Source\os_mbox.c       0x00000000   Number         0  os_mbox.o ABSOLUTE
    ..\UCOSII\uCOS-II\Source\os_mem.c        0x00000000   Number         0  os_mem.o ABSOLUTE
    ..\UCOSII\uCOS-II\Source\os_mutex.c      0x00000000   Number         0  os_mutex.o ABSOLUTE
    ..\UCOSII\uCOS-II\Source\os_q.c          0x00000000   Number         0  os_q.o ABSOLUTE
    ..\UCOSII\uCOS-II\Source\os_sem.c        0x00000000   Number         0  os_sem.o ABSOLUTE
    ..\UCOSII\uCOS-II\Source\os_task.c       0x00000000   Number         0  os_task.o ABSOLUTE
    ..\UCOSII\uCOS-II\Source\os_time.c       0x00000000   Number         0  os_time.o ABSOLUTE
    ..\UCOSII\uCOS-II\Source\os_tmr.c        0x00000000   Number         0  os_tmr.o ABSOLUTE
    ..\\HARDWARE\\LED\\led.c                 0x00000000   Number         0  led.o ABSOLUTE
    ..\\SYSTEM\\delay\\delay.c               0x00000000   Number         0  delay.o ABSOLUTE
    ..\\SYSTEM\\sys\\sys.c                   0x00000000   Number         0  sys.o ABSOLUTE
    ..\\SYSTEM\\usart\\usart.c               0x00000000   Number         0  usart.o ABSOLUTE
    ..\\UCOSII\\UCOS_BSP\\bsp.c              0x00000000   Number         0  bsp.o ABSOLUTE
    ..\\UCOSII\\UCOS_BSP\\cpu_bsp.c          0x00000000   Number         0  cpu_bsp.o ABSOLUTE
    ..\\UCOSII\\uCOS-CONFIG\\app_hooks.c     0x00000000   Number         0  app_hooks.o ABSOLUTE
    ..\\UCOSII\\uCOS-II\\Ports\\ARM-Cortex-M4\\Generic\\RealView\\os_cpu_c.c 0x00000000   Number         0  os_cpu_c.o ABSOLUTE
    dc.s                                     0x00000000   Number         0  dc.o ABSOLUTE
    startup_stm32h743xx.s                    0x00000000   Number         0  startup_stm32h743xx.o ABSOLUTE
    test.c                                   0x00000000   Number         0  test.o ABSOLUTE
    test.c                                   0x00000000   Number         0  test.o ABSOLUTE
    RESET                                    0x08000000   Section      664  startup_stm32h743xx.o(RESET)
    !!!main                                  0x08000298   Section        8  __main.o(!!!main)
    !!!scatter                               0x080002a0   Section       52  __scatter.o(!!!scatter)
    !!handler_copy                           0x080002d4   Section       26  __scatter_copy.o(!!handler_copy)
    !!handler_zi                             0x080002f0   Section       28  __scatter_zi.o(!!handler_zi)
    .ARM.Collect$$libinit$$00000000          0x0800030c   Section        2  libinit.o(.ARM.Collect$$libinit$$00000000)
    .ARM.Collect$$libinit$$00000001          0x0800030e   Section        4  libinit2.o(.ARM.Collect$$libinit$$00000001)
    .ARM.Collect$$libinit$$00000004          0x08000312   Section        0  libinit2.o(.ARM.Collect$$libinit$$00000004)
    .ARM.Collect$$libinit$$0000000A          0x08000312   Section        0  libinit2.o(.ARM.Collect$$libinit$$0000000A)
    .ARM.Collect$$libinit$$0000000C          0x08000312   Section        0  libinit2.o(.ARM.Collect$$libinit$$0000000C)
    .ARM.Collect$$libinit$$0000000E          0x08000312   Section        0  libinit2.o(.ARM.Collect$$libinit$$0000000E)
    .ARM.Collect$$libinit$$00000011          0x08000312   Section        0  libinit2.o(.ARM.Collect$$libinit$$00000011)
    .ARM.Collect$$libinit$$00000013          0x08000312   Section        0  libinit2.o(.ARM.Collect$$libinit$$00000013)
    .ARM.Collect$$libinit$$00000015          0x08000312   Section        0  libinit2.o(.ARM.Collect$$libinit$$00000015)
    .ARM.Collect$$libinit$$00000017          0x08000312   Section        0  libinit2.o(.ARM.Collect$$libinit$$00000017)
    .ARM.Collect$$libinit$$00000019          0x08000312   Section        0  libinit2.o(.ARM.Collect$$libinit$$00000019)
    .ARM.Collect$$libinit$$0000001B          0x08000312   Section        0  libinit2.o(.ARM.Collect$$libinit$$0000001B)
    .ARM.Collect$$libinit$$0000001D          0x08000312   Section        0  libinit2.o(.ARM.Collect$$libinit$$0000001D)
    .ARM.Collect$$libinit$$0000001F          0x08000312   Section        0  libinit2.o(.ARM.Collect$$libinit$$0000001F)
    .ARM.Collect$$libinit$$00000021          0x08000312   Section        0  libinit2.o(.ARM.Collect$$libinit$$00000021)
    .ARM.Collect$$libinit$$00000023          0x08000312   Section        0  libinit2.o(.ARM.Collect$$libinit$$00000023)
    .ARM.Collect$$libinit$$00000025          0x08000312   Section        0  libinit2.o(.ARM.Collect$$libinit$$00000025)
    .ARM.Collect$$libinit$$0000002C          0x08000312   Section        0  libinit2.o(.ARM.Collect$$libinit$$0000002C)
    .ARM.Collect$$libinit$$0000002E          0x08000312   Section        0  libinit2.o(.ARM.Collect$$libinit$$0000002E)
    .ARM.Collect$$libinit$$00000030          0x08000312   Section        0  libinit2.o(.ARM.Collect$$libinit$$00000030)
    .ARM.Collect$$libinit$$00000032          0x08000312   Section        0  libinit2.o(.ARM.Collect$$libinit$$00000032)
    .ARM.Collect$$libinit$$00000033          0x08000312   Section        2  libinit2.o(.ARM.Collect$$libinit$$00000033)
    .ARM.Collect$$libshutdown$$00000000      0x08000314   Section        2  libshutdown.o(.ARM.Collect$$libshutdown$$00000000)
    .ARM.Collect$$libshutdown$$00000002      0x08000316   Section        0  libshutdown2.o(.ARM.Collect$$libshutdown$$00000002)
    .ARM.Collect$$libshutdown$$00000004      0x08000316   Section        0  libshutdown2.o(.ARM.Collect$$libshutdown$$00000004)
    .ARM.Collect$$libshutdown$$00000007      0x08000316   Section        0  libshutdown2.o(.ARM.Collect$$libshutdown$$00000007)
    .ARM.Collect$$libshutdown$$0000000A      0x08000316   Section        0  libshutdown2.o(.ARM.Collect$$libshutdown$$0000000A)
    .ARM.Collect$$libshutdown$$0000000C      0x08000316   Section        0  libshutdown2.o(.ARM.Collect$$libshutdown$$0000000C)
    .ARM.Collect$$libshutdown$$0000000F      0x08000316   Section        0  libshutdown2.o(.ARM.Collect$$libshutdown$$0000000F)
    .ARM.Collect$$libshutdown$$00000010      0x08000316   Section        2  libshutdown2.o(.ARM.Collect$$libshutdown$$00000010)
    .ARM.Collect$$rtentry$$00000000          0x08000318   Section        0  __rtentry.o(.ARM.Collect$$rtentry$$00000000)
    .ARM.Collect$$rtentry$$00000002          0x08000318   Section        0  __rtentry2.o(.ARM.Collect$$rtentry$$00000002)
    .ARM.Collect$$rtentry$$00000004          0x08000318   Section        6  __rtentry4.o(.ARM.Collect$$rtentry$$00000004)
    .ARM.Collect$$rtentry$$00000009          0x0800031e   Section        0  __rtentry2.o(.ARM.Collect$$rtentry$$00000009)
    .ARM.Collect$$rtentry$$0000000A          0x0800031e   Section        4  __rtentry2.o(.ARM.Collect$$rtentry$$0000000A)
    .ARM.Collect$$rtentry$$0000000C          0x08000322   Section        0  __rtentry2.o(.ARM.Collect$$rtentry$$0000000C)
    .ARM.Collect$$rtentry$$0000000D          0x08000322   Section        8  __rtentry2.o(.ARM.Collect$$rtentry$$0000000D)
    .ARM.Collect$$rtexit$$00000000           0x0800032a   Section        2  rtexit.o(.ARM.Collect$$rtexit$$00000000)
    .ARM.Collect$$rtexit$$00000002           0x0800032c   Section        0  rtexit2.o(.ARM.Collect$$rtexit$$00000002)
    .ARM.Collect$$rtexit$$00000003           0x0800032c   Section        4  rtexit2.o(.ARM.Collect$$rtexit$$00000003)
    .ARM.Collect$$rtexit$$00000004           0x08000330   Section        6  rtexit2.o(.ARM.Collect$$rtexit$$00000004)
    .text                                    0x08000338   Section       92  startup_stm32h743xx.o(.text)
    $v0                                      0x08000338   Number         0  startup_stm32h743xx.o(.text)
    .text                                    0x08000394   Section      220  os_cpu_a.o(.text)
    $v0                                      0x08000394   Number         0  os_cpu_a.o(.text)
    .text                                    0x08000470   Section        2  use_no_semi_2.o(.text)
    .text                                    0x08000472   Section        0  heapauxi.o(.text)
    .text                                    0x08000478   Section        2  use_no_semi.o(.text)
    .text                                    0x0800047a   Section       74  sys_stackheap_outer.o(.text)
    .text                                    0x080004c4   Section        0  exit.o(.text)
    .text                                    0x080004d8   Section        8  libspace.o(.text)
    i.Cache_Enable                           0x080004e0   Section        0  sys.o(i.Cache_Enable)
    i.GPIO_Pin_Set                           0x080004fc   Section        0  sys.o(i.GPIO_Pin_Set)
    i.GPIO_Set                               0x0800050a   Section        0  sys.o(i.GPIO_Set)
    i.LED_Init                               0x080005e8   Section        0  led.o(i.LED_Init)
    i.MY_NVIC_SetVectorTable                 0x08000628   Section        0  sys.o(i.MY_NVIC_SetVectorTable)
    i.OSInit                                 0x08000638   Section        0  os_core.o(i.OSInit)
    i.OSInitHookBegin                        0x08000664   Section        0  os_cpu_c.o(i.OSInitHookBegin)
    i.OSInitHookEnd                          0x08000694   Section        0  os_cpu_c.o(i.OSInitHookEnd)
    i.OSIntEnter                             0x08000698   Section        0  os_core.o(i.OSIntEnter)
    i.OSIntExit                              0x080006bc   Section        0  os_core.o(i.OSIntExit)
    i.OSSchedLock                            0x0800074c   Section        0  os_core.o(i.OSSchedLock)
    i.OSSchedUnlock                          0x0800078c   Section        0  os_core.o(i.OSSchedUnlock)
    i.OSStart                                0x080007ec   Section        0  os_core.o(i.OSStart)
    i.OSStatInit                             0x08000834   Section        0  os_core.o(i.OSStatInit)
    i.OSTCBInitHook                          0x08000880   Section        0  os_cpu_c.o(i.OSTCBInitHook)
    i.OSTaskCreateExt                        0x08000884   Section        0  os_task.o(i.OSTaskCreateExt)
    i.OSTaskCreateHook                       0x0800093c   Section        0  os_cpu_c.o(i.OSTaskCreateHook)
    i.OSTaskDel                              0x08000940   Section        0  os_task.o(i.OSTaskDel)
    i.OSTaskDelHook                          0x08000a94   Section        0  os_cpu_c.o(i.OSTaskDelHook)
    i.OSTaskIdleHook                         0x08000a96   Section        0  os_cpu_c.o(i.OSTaskIdleHook)
    i.OSTaskNameSet                          0x08000a98   Section        0  os_task.o(i.OSTaskNameSet)
    i.OSTaskReturnHook                       0x08000b08   Section        0  os_cpu_c.o(i.OSTaskReturnHook)
    i.OSTaskStatHook                         0x08000b0a   Section        0  os_cpu_c.o(i.OSTaskStatHook)
    i.OSTaskStkChk                           0x08000b0c   Section        0  os_task.o(i.OSTaskStkChk)
    i.OSTaskStkInit                          0x08000b94   Section        0  os_cpu_c.o(i.OSTaskStkInit)
    i.OSTaskSuspend                          0x08000dbc   Section        0  os_task.o(i.OSTaskSuspend)
    i.OSTaskSwHook                           0x08000e64   Section        0  os_cpu_c.o(i.OSTaskSwHook)
    i.OSTimeDly                              0x08000e9c   Section        0  os_time.o(i.OSTimeDly)
    i.OSTimeTick                             0x08000f14   Section        0  os_core.o(i.OSTimeTick)
    i.OSTimeTickHook                         0x08001000   Section        0  os_cpu_c.o(i.OSTimeTickHook)
    i.OS_Dummy                               0x08001002   Section        0  os_core.o(i.OS_Dummy)
    i.OS_EventTaskRemove                     0x08001004   Section        0  os_core.o(i.OS_EventTaskRemove)
    i.OS_FlagInit                            0x08001034   Section        0  os_flag.o(i.OS_FlagInit)
    i.OS_FlagUnlink                          0x0800108c   Section        0  os_flag.o(i.OS_FlagUnlink)
    i.OS_InitEventList                       0x080010b0   Section        0  os_core.o(i.OS_InitEventList)
    OS_InitEventList                         0x080010b1   Thumb Code    76  os_core.o(i.OS_InitEventList)
    i.OS_InitMisc                            0x08001104   Section        0  os_core.o(i.OS_InitMisc)
    OS_InitMisc                              0x08001105   Thumb Code    48  os_core.o(i.OS_InitMisc)
    i.OS_InitRdyList                         0x08001160   Section        0  os_core.o(i.OS_InitRdyList)
    OS_InitRdyList                           0x08001161   Thumb Code    44  os_core.o(i.OS_InitRdyList)
    i.OS_InitTCBList                         0x080011a4   Section        0  os_core.o(i.OS_InitTCBList)
    OS_InitTCBList                           0x080011a5   Thumb Code   106  os_core.o(i.OS_InitTCBList)
    i.OS_InitTaskIdle                        0x08001224   Section        0  os_core.o(i.OS_InitTaskIdle)
    OS_InitTaskIdle                          0x08001225   Thumb Code    50  os_core.o(i.OS_InitTaskIdle)
    i.OS_InitTaskStat                        0x08001274   Section        0  os_core.o(i.OS_InitTaskStat)
    OS_InitTaskStat                          0x08001275   Thumb Code    50  os_core.o(i.OS_InitTaskStat)
    i.OS_MemClr                              0x080012c4   Section        0  os_core.o(i.OS_MemClr)
    i.OS_QInit                               0x080012d8   Section        0  os_q.o(i.OS_QInit)
    i.OS_Sched                               0x08001328   Section        0  os_core.o(i.OS_Sched)
    i.OS_SchedNew                            0x0800139c   Section        0  os_core.o(i.OS_SchedNew)
    OS_SchedNew                              0x0800139d   Thumb Code    26  os_core.o(i.OS_SchedNew)
    i.OS_TCBInit                             0x080013c8   Section        0  os_core.o(i.OS_TCBInit)
    i.OS_TaskIdle                            0x08001508   Section        0  os_core.o(i.OS_TaskIdle)
    i.OS_TaskReturn                          0x08001530   Section        0  os_task.o(i.OS_TaskReturn)
    i.OS_TaskStat                            0x08001548   Section        0  os_core.o(i.OS_TaskStat)
    i.OS_TaskStatStkChk                      0x080015e8   Section        0  os_core.o(i.OS_TaskStatStkChk)
    i.OS_TaskStkClr                          0x08001624   Section        0  os_task.o(i.OS_TaskStkClr)
    i.SCB_EnableDCache                       0x08001640   Section        0  sys.o(i.SCB_EnableDCache)
    SCB_EnableDCache                         0x08001641   Thumb Code   148  sys.o(i.SCB_EnableDCache)
    i.SCB_EnableICache                       0x080016dc   Section        0  sys.o(i.SCB_EnableICache)
    SCB_EnableICache                         0x080016dd   Thumb Code   116  sys.o(i.SCB_EnableICache)
    i.Stm32_Clock_Init                       0x08001758   Section        0  sys.o(i.Stm32_Clock_Init)
    i.SysTick_Handler                        0x080017bc   Section        0  delay.o(i.SysTick_Handler)
    i.Sys_Clock_Set                          0x080017d8   Section        0  sys.o(i.Sys_Clock_Set)
    i.USART1_IRQHandler                      0x08001a18   Section        0  usart.o(i.USART1_IRQHandler)
    i._sys_exit                              0x08001ab0   Section        0  usart.o(i._sys_exit)
    i.delay_init                             0x08001ab4   Section        0  delay.o(i.delay_init)
    i.delay_ms                               0x08001afc   Section        0  delay.o(i.delay_ms)
    i.delay_osschedlock                      0x08001b4c   Section        0  delay.o(i.delay_osschedlock)
    i.delay_osschedunlock                    0x08001b54   Section        0  delay.o(i.delay_osschedunlock)
    i.delay_ostimedly                        0x08001b5c   Section        0  delay.o(i.delay_ostimedly)
    i.delay_us                               0x08001b68   Section        0  delay.o(i.delay_us)
    i.led0_task                              0x08001bc0   Section        0  test.o(i.led0_task)
    i.led1_task                              0x08001bec   Section        0  test.o(i.led1_task)
    i.main                                   0x08001c18   Section        0  test.o(i.main)
    i.start_task                             0x08001c6c   Section        0  test.o(i.start_task)
    x$fpl$fpinit                             0x08001ce4   Section       10  fpinit.o(x$fpl$fpinit)
    $v0                                      0x08001ce4   Number         0  fpinit.o(x$fpl$fpinit)
    .constdata                               0x08001cee   Section      256  os_core.o(.constdata)
    .data                                    0x24000000   Section        4  delay.o(.data)
    fac_us                                   0x24000000   Data           2  delay.o(.data)
    fac_ms                                   0x24000002   Data           2  delay.o(.data)
    .data                                    0x24000004   Section        6  usart.o(.data)
    .data                                    0x2400000c   Section       76  os_core.o(.data)
    .data                                    0x24000058   Section        4  os_cpu_c.o(.data)
    .bss                                     0x2400005c   Section     1536  test.o(.bss)
    .bss                                     0x2400065c   Section      200  usart.o(.bss)
    .bss                                     0x24000724   Section     3728  os_core.o(.bss)
    .bss                                     0x240015b4   Section      512  os_cpu_c.o(.bss)
    .bss                                     0x240017b4   Section       96  libspace.o(.bss)
    HEAP                                     0x24001818   Section        0  startup_stm32h743xx.o(HEAP)
    STACK                                    0x24001818   Section     2048  startup_stm32h743xx.o(STACK)
    Heap_Mem                                 0x24001818   Data           0  startup_stm32h743xx.o(HEAP)
    Stack_Mem                                0x24001818   Data        2048  startup_stm32h743xx.o(STACK)
    __initial_sp                             0x24002018   Data           0  startup_stm32h743xx.o(STACK)

    Global Symbols

    Symbol Name                              Value     Ov Type        Size  Object(Section)

    BuildAttributes$$THM_ISAv4$E$P$D$K$B$S$7EM$VFPv5_D16$PE$PLD8$A:L22UL41UL21$X:L11$S22US41US21$IEEE1$IW$USESV6$~STKCKD$USESV7$~SHL$OSPACE$ROPI$EBA8$UX$STANDARDLIB$REQ8$PRES8$EABIv2 0x00000000   Number         0  anon$$obj.o ABSOLUTE
    __ARM_use_no_argv                        0x00000000   Number         0  test.o ABSOLUTE
    __ARM_exceptions_init                     - Undefined Weak Reference
    __alloca_initialize                       - Undefined Weak Reference
    __arm_preinit_                            - Undefined Weak Reference
    __cpp_initialize__aeabi_                  - Undefined Weak Reference
    __cxa_finalize                            - Undefined Weak Reference
    __rt_locale                               - Undefined Weak Reference
    __sigvec_lookup                           - Undefined Weak Reference
    _atexit_init                              - Undefined Weak Reference
    _call_atexit_fns                          - Undefined Weak Reference
    _clock_init                               - Undefined Weak Reference
    _fp_trap_init                             - Undefined Weak Reference
    _fp_trap_shutdown                         - Undefined Weak Reference
    _get_lc_collate                           - Undefined Weak Reference
    _get_lc_ctype                             - Undefined Weak Reference
    _get_lc_monetary                          - Undefined Weak Reference
    _get_lc_numeric                           - Undefined Weak Reference
    _get_lc_time                              - Undefined Weak Reference
    _getenv_init                              - Undefined Weak Reference
    _handle_redirection                       - Undefined Weak Reference
    _init_alloc                               - Undefined Weak Reference
    _init_user_alloc                          - Undefined Weak Reference
    _initio                                   - Undefined Weak Reference
    _rand_init                                - Undefined Weak Reference
    _signal_finish                            - Undefined Weak Reference
    _signal_init                              - Undefined Weak Reference
    _terminate_alloc                          - Undefined Weak Reference
    _terminate_user_alloc                     - Undefined Weak Reference
    _terminateio                              - Undefined Weak Reference
    __Vectors_Size                           0x00000298   Number         0  startup_stm32h743xx.o ABSOLUTE
    __Vectors                                0x08000000   Data           4  startup_stm32h743xx.o(RESET)
    __Vectors_End                            0x08000298   Data           0  startup_stm32h743xx.o(RESET)
    __main                                   0x08000299   Thumb Code     8  __main.o(!!!main)
    __scatterload                            0x080002a1   Thumb Code     0  __scatter.o(!!!scatter)
    __scatterload_rt2                        0x080002a1   Thumb Code    44  __scatter.o(!!!scatter)
    __scatterload_rt2_thumb_only             0x080002a1   Thumb Code     0  __scatter.o(!!!scatter)
    __scatterload_null                       0x080002af   Thumb Code     0  __scatter.o(!!!scatter)
    __scatterload_copy                       0x080002d5   Thumb Code    26  __scatter_copy.o(!!handler_copy)
    __scatterload_zeroinit                   0x080002f1   Thumb Code    28  __scatter_zi.o(!!handler_zi)
    __rt_lib_init                            0x0800030d   Thumb Code     0  libinit.o(.ARM.Collect$$libinit$$00000000)
    __rt_lib_init_fp_1                       0x0800030f   Thumb Code     0  libinit2.o(.ARM.Collect$$libinit$$00000001)
    __rt_lib_init_alloca_1                   0x08000313   Thumb Code     0  libinit2.o(.ARM.Collect$$libinit$$0000002E)
    __rt_lib_init_argv_1                     0x08000313   Thumb Code     0  libinit2.o(.ARM.Collect$$libinit$$0000002C)
    __rt_lib_init_atexit_1                   0x08000313   Thumb Code     0  libinit2.o(.ARM.Collect$$libinit$$0000001B)
    __rt_lib_init_clock_1                    0x08000313   Thumb Code     0  libinit2.o(.ARM.Collect$$libinit$$00000021)
    __rt_lib_init_cpp_1                      0x08000313   Thumb Code     0  libinit2.o(.ARM.Collect$$libinit$$00000032)
    __rt_lib_init_exceptions_1               0x08000313   Thumb Code     0  libinit2.o(.ARM.Collect$$libinit$$00000030)
    __rt_lib_init_fp_trap_1                  0x08000313   Thumb Code     0  libinit2.o(.ARM.Collect$$libinit$$0000001F)
    __rt_lib_init_getenv_1                   0x08000313   Thumb Code     0  libinit2.o(.ARM.Collect$$libinit$$00000023)
    __rt_lib_init_heap_1                     0x08000313   Thumb Code     0  libinit2.o(.ARM.Collect$$libinit$$0000000A)
    __rt_lib_init_lc_collate_1               0x08000313   Thumb Code     0  libinit2.o(.ARM.Collect$$libinit$$00000011)
    __rt_lib_init_lc_ctype_1                 0x08000313   Thumb Code     0  libinit2.o(.ARM.Collect$$libinit$$00000013)
    __rt_lib_init_lc_monetary_1              0x08000313   Thumb Code     0  libinit2.o(.ARM.Collect$$libinit$$00000015)
    __rt_lib_init_lc_numeric_1               0x08000313   Thumb Code     0  libinit2.o(.ARM.Collect$$libinit$$00000017)
    __rt_lib_init_lc_time_1                  0x08000313   Thumb Code     0  libinit2.o(.ARM.Collect$$libinit$$00000019)
    __rt_lib_init_preinit_1                  0x08000313   Thumb Code     0  libinit2.o(.ARM.Collect$$libinit$$00000004)
    __rt_lib_init_rand_1                     0x08000313   Thumb Code     0  libinit2.o(.ARM.Collect$$libinit$$0000000E)
    __rt_lib_init_return                     0x08000313   Thumb Code     0  libinit2.o(.ARM.Collect$$libinit$$00000033)
    __rt_lib_init_signal_1                   0x08000313   Thumb Code     0  libinit2.o(.ARM.Collect$$libinit$$0000001D)
    __rt_lib_init_stdio_1                    0x08000313   Thumb Code     0  libinit2.o(.ARM.Collect$$libinit$$00000025)
    __rt_lib_init_user_alloc_1               0x08000313   Thumb Code     0  libinit2.o(.ARM.Collect$$libinit$$0000000C)
    __rt_lib_shutdown                        0x08000315   Thumb Code     0  libshutdown.o(.ARM.Collect$$libshutdown$$00000000)
    __rt_lib_shutdown_cpp_1                  0x08000317   Thumb Code     0  libshutdown2.o(.ARM.Collect$$libshutdown$$00000002)
    __rt_lib_shutdown_fp_trap_1              0x08000317   Thumb Code     0  libshutdown2.o(.ARM.Collect$$libshutdown$$00000007)
    __rt_lib_shutdown_heap_1                 0x08000317   Thumb Code     0  libshutdown2.o(.ARM.Collect$$libshutdown$$0000000F)
    __rt_lib_shutdown_return                 0x08000317   Thumb Code     0  libshutdown2.o(.ARM.Collect$$libshutdown$$00000010)
    __rt_lib_shutdown_signal_1               0x08000317   Thumb Code     0  libshutdown2.o(.ARM.Collect$$libshutdown$$0000000A)
    __rt_lib_shutdown_stdio_1                0x08000317   Thumb Code     0  libshutdown2.o(.ARM.Collect$$libshutdown$$00000004)
    __rt_lib_shutdown_user_alloc_1           0x08000317   Thumb Code     0  libshutdown2.o(.ARM.Collect$$libshutdown$$0000000C)
    __rt_entry                               0x08000319   Thumb Code     0  __rtentry.o(.ARM.Collect$$rtentry$$00000000)
    __rt_entry_presh_1                       0x08000319   Thumb Code     0  __rtentry2.o(.ARM.Collect$$rtentry$$00000002)
    __rt_entry_sh                            0x08000319   Thumb Code     0  __rtentry4.o(.ARM.Collect$$rtentry$$00000004)
    __rt_entry_li                            0x0800031f   Thumb Code     0  __rtentry2.o(.ARM.Collect$$rtentry$$0000000A)
    __rt_entry_postsh_1                      0x0800031f   Thumb Code     0  __rtentry2.o(.ARM.Collect$$rtentry$$00000009)
    __rt_entry_main                          0x08000323   Thumb Code     0  __rtentry2.o(.ARM.Collect$$rtentry$$0000000D)
    __rt_entry_postli_1                      0x08000323   Thumb Code     0  __rtentry2.o(.ARM.Collect$$rtentry$$0000000C)
    __rt_exit                                0x0800032b   Thumb Code     0  rtexit.o(.ARM.Collect$$rtexit$$00000000)
    __rt_exit_ls                             0x0800032d   Thumb Code     0  rtexit2.o(.ARM.Collect$$rtexit$$00000003)
    __rt_exit_prels_1                        0x0800032d   Thumb Code     0  rtexit2.o(.ARM.Collect$$rtexit$$00000002)
    __rt_exit_exit                           0x08000331   Thumb Code     0  rtexit2.o(.ARM.Collect$$rtexit$$00000004)
    Reset_Handler                            0x08000339   Thumb Code    36  startup_stm32h743xx.o(.text)
    NMI_Handler                              0x0800035d   Thumb Code     2  startup_stm32h743xx.o(.text)
    HardFault_Handler                        0x0800035f   Thumb Code     2  startup_stm32h743xx.o(.text)
    MemManage_Handler                        0x08000361   Thumb Code     2  startup_stm32h743xx.o(.text)
    BusFault_Handler                         0x08000363   Thumb Code     2  startup_stm32h743xx.o(.text)
    UsageFault_Handler                       0x08000365   Thumb Code     2  startup_stm32h743xx.o(.text)
    SVC_Handler                              0x08000367   Thumb Code     2  startup_stm32h743xx.o(.text)
    DebugMon_Handler                         0x08000369   Thumb Code     2  startup_stm32h743xx.o(.text)
    ADC3_IRQHandler                          0x0800036f   Thumb Code     0  startup_stm32h743xx.o(.text)
    ADC_IRQHandler                           0x0800036f   Thumb Code     0  startup_stm32h743xx.o(.text)
    BDMA_Channel0_IRQHandler                 0x0800036f   Thumb Code     0  startup_stm32h743xx.o(.text)
    BDMA_Channel1_IRQHandler                 0x0800036f   Thumb Code     0  startup_stm32h743xx.o(.text)
    BDMA_Channel2_IRQHandler                 0x0800036f   Thumb Code     0  startup_stm32h743xx.o(.text)
    BDMA_Channel3_IRQHandler                 0x0800036f   Thumb Code     0  startup_stm32h743xx.o(.text)
    BDMA_Channel4_IRQHandler                 0x0800036f   Thumb Code     0  startup_stm32h743xx.o(.text)
    BDMA_Channel5_IRQHandler                 0x0800036f   Thumb Code     0  startup_stm32h743xx.o(.text)
    BDMA_Channel6_IRQHandler                 0x0800036f   Thumb Code     0  startup_stm32h743xx.o(.text)
    BDMA_Channel7_IRQHandler                 0x0800036f   Thumb Code     0  startup_stm32h743xx.o(.text)
    CEC_IRQHandler                           0x0800036f   Thumb Code     0  startup_stm32h743xx.o(.text)
    COMP1_IRQHandler                         0x0800036f   Thumb Code     0  startup_stm32h743xx.o(.text)
    CRS_IRQHandler                           0x0800036f   Thumb Code     0  startup_stm32h743xx.o(.text)
    DCMI_IRQHandler                          0x0800036f   Thumb Code     0  startup_stm32h743xx.o(.text)
    DFSDM1_FLT0_IRQHandler                   0x0800036f   Thumb Code     0  startup_stm32h743xx.o(.text)
    DFSDM1_FLT1_IRQHandler                   0x0800036f   Thumb Code     0  startup_stm32h743xx.o(.text)
    DFSDM1_FLT2_IRQHandler                   0x0800036f   Thumb Code     0  startup_stm32h743xx.o(.text)
    DFSDM1_FLT3_IRQHandler                   0x0800036f   Thumb Code     0  startup_stm32h743xx.o(.text)
    DMA1_Stream0_IRQHandler                  0x0800036f   Thumb Code     0  startup_stm32h743xx.o(.text)
    DMA1_Stream1_IRQHandler                  0x0800036f   Thumb Code     0  startup_stm32h743xx.o(.text)
    DMA1_Stream2_IRQHandler                  0x0800036f   Thumb Code     0  startup_stm32h743xx.o(.text)
    DMA1_Stream3_IRQHandler                  0x0800036f   Thumb Code     0  startup_stm32h743xx.o(.text)
    DMA1_Stream4_IRQHandler                  0x0800036f   Thumb Code     0  startup_stm32h743xx.o(.text)
    DMA1_Stream5_IRQHandler                  0x0800036f   Thumb Code     0  startup_stm32h743xx.o(.text)
    DMA1_Stream6_IRQHandler                  0x0800036f   Thumb Code     0  startup_stm32h743xx.o(.text)
    DMA1_Stream7_IRQHandler                  0x0800036f   Thumb Code     0  startup_stm32h743xx.o(.text)
    DMA2D_IRQHandler                         0x0800036f   Thumb Code     0  startup_stm32h743xx.o(.text)
    DMA2_Stream0_IRQHandler                  0x0800036f   Thumb Code     0  startup_stm32h743xx.o(.text)
    DMA2_Stream1_IRQHandler                  0x0800036f   Thumb Code     0  startup_stm32h743xx.o(.text)
    DMA2_Stream2_IRQHandler                  0x0800036f   Thumb Code     0  startup_stm32h743xx.o(.text)
    DMA2_Stream3_IRQHandler                  0x0800036f   Thumb Code     0  startup_stm32h743xx.o(.text)
    DMA2_Stream4_IRQHandler                  0x0800036f   Thumb Code     0  startup_stm32h743xx.o(.text)
    DMA2_Stream5_IRQHandler                  0x0800036f   Thumb Code     0  startup_stm32h743xx.o(.text)
    DMA2_Stream6_IRQHandler                  0x0800036f   Thumb Code     0  startup_stm32h743xx.o(.text)
    DMA2_Stream7_IRQHandler                  0x0800036f   Thumb Code     0  startup_stm32h743xx.o(.text)
    DMAMUX1_OVR_IRQHandler                   0x0800036f   Thumb Code     0  startup_stm32h743xx.o(.text)
    DMAMUX2_OVR_IRQHandler                   0x0800036f   Thumb Code     0  startup_stm32h743xx.o(.text)
    ETH_IRQHandler                           0x0800036f   Thumb Code     0  startup_stm32h743xx.o(.text)
    ETH_WKUP_IRQHandler                      0x0800036f   Thumb Code     0  startup_stm32h743xx.o(.text)
    EXTI0_IRQHandler                         0x0800036f   Thumb Code     0  startup_stm32h743xx.o(.text)
    EXTI15_10_IRQHandler                     0x0800036f   Thumb Code     0  startup_stm32h743xx.o(.text)
    EXTI1_IRQHandler                         0x0800036f   Thumb Code     0  startup_stm32h743xx.o(.text)
    EXTI2_IRQHandler                         0x0800036f   Thumb Code     0  startup_stm32h743xx.o(.text)
    EXTI3_IRQHandler                         0x0800036f   Thumb Code     0  startup_stm32h743xx.o(.text)
    EXTI4_IRQHandler                         0x0800036f   Thumb Code     0  startup_stm32h743xx.o(.text)
    EXTI9_5_IRQHandler                       0x0800036f   Thumb Code     0  startup_stm32h743xx.o(.text)
    FDCAN1_IT0_IRQHandler                    0x0800036f   Thumb Code     0  startup_stm32h743xx.o(.text)
    FDCAN1_IT1_IRQHandler                    0x0800036f   Thumb Code     0  startup_stm32h743xx.o(.text)
    FDCAN2_IT0_IRQHandler                    0x0800036f   Thumb Code     0  startup_stm32h743xx.o(.text)
    FDCAN2_IT1_IRQHandler                    0x0800036f   Thumb Code     0  startup_stm32h743xx.o(.text)
    FDCAN_CAL_IRQHandler                     0x0800036f   Thumb Code     0  startup_stm32h743xx.o(.text)
    FLASH_IRQHandler                         0x0800036f   Thumb Code     0  startup_stm32h743xx.o(.text)
    FMC_IRQHandler                           0x0800036f   Thumb Code     0  startup_stm32h743xx.o(.text)
    FPU_IRQHandler                           0x0800036f   Thumb Code     0  startup_stm32h743xx.o(.text)
    HRTIM1_FLT_IRQHandler                    0x0800036f   Thumb Code     0  startup_stm32h743xx.o(.text)
    HRTIM1_Master_IRQHandler                 0x0800036f   Thumb Code     0  startup_stm32h743xx.o(.text)
    HRTIM1_TIMA_IRQHandler                   0x0800036f   Thumb Code     0  startup_stm32h743xx.o(.text)
    HRTIM1_TIMB_IRQHandler                   0x0800036f   Thumb Code     0  startup_stm32h743xx.o(.text)
    HRTIM1_TIMC_IRQHandler                   0x0800036f   Thumb Code     0  startup_stm32h743xx.o(.text)
    HRTIM1_TIMD_IRQHandler                   0x0800036f   Thumb Code     0  startup_stm32h743xx.o(.text)
    HRTIM1_TIME_IRQHandler                   0x0800036f   Thumb Code     0  startup_stm32h743xx.o(.text)
    HSEM1_IRQHandler                         0x0800036f   Thumb Code     0  startup_stm32h743xx.o(.text)
    I2C1_ER_IRQHandler                       0x0800036f   Thumb Code     0  startup_stm32h743xx.o(.text)
    I2C1_EV_IRQHandler                       0x0800036f   Thumb Code     0  startup_stm32h743xx.o(.text)
    I2C2_ER_IRQHandler                       0x0800036f   Thumb Code     0  startup_stm32h743xx.o(.text)
    I2C2_EV_IRQHandler                       0x0800036f   Thumb Code     0  startup_stm32h743xx.o(.text)
    I2C3_ER_IRQHandler                       0x0800036f   Thumb Code     0  startup_stm32h743xx.o(.text)
    I2C3_EV_IRQHandler                       0x0800036f   Thumb Code     0  startup_stm32h743xx.o(.text)
    I2C4_ER_IRQHandler                       0x0800036f   Thumb Code     0  startup_stm32h743xx.o(.text)
    I2C4_EV_IRQHandler                       0x0800036f   Thumb Code     0  startup_stm32h743xx.o(.text)
    JPEG_IRQHandler                          0x0800036f   Thumb Code     0  startup_stm32h743xx.o(.text)
    LPTIM1_IRQHandler                        0x0800036f   Thumb Code     0  startup_stm32h743xx.o(.text)
    LPTIM2_IRQHandler                        0x0800036f   Thumb Code     0  startup_stm32h743xx.o(.text)
    LPTIM3_IRQHandler                        0x0800036f   Thumb Code     0  startup_stm32h743xx.o(.text)
    LPTIM4_IRQHandler                        0x0800036f   Thumb Code     0  startup_stm32h743xx.o(.text)
    LPTIM5_IRQHandler                        0x0800036f   Thumb Code     0  startup_stm32h743xx.o(.text)
    LPUART1_IRQHandler                       0x0800036f   Thumb Code     0  startup_stm32h743xx.o(.text)
    LTDC_ER_IRQHandler                       0x0800036f   Thumb Code     0  startup_stm32h743xx.o(.text)
    LTDC_IRQHandler                          0x0800036f   Thumb Code     0  startup_stm32h743xx.o(.text)
    MDIOS_IRQHandler                         0x0800036f   Thumb Code     0  startup_stm32h743xx.o(.text)
    MDIOS_WKUP_IRQHandler                    0x0800036f   Thumb Code     0  startup_stm32h743xx.o(.text)
    MDMA_IRQHandler                          0x0800036f   Thumb Code     0  startup_stm32h743xx.o(.text)
    OTG_FS_EP1_IN_IRQHandler                 0x0800036f   Thumb Code     0  startup_stm32h743xx.o(.text)
    OTG_FS_EP1_OUT_IRQHandler                0x0800036f   Thumb Code     0  startup_stm32h743xx.o(.text)
    OTG_FS_IRQHandler                        0x0800036f   Thumb Code     0  startup_stm32h743xx.o(.text)
    OTG_FS_WKUP_IRQHandler                   0x0800036f   Thumb Code     0  startup_stm32h743xx.o(.text)
    OTG_HS_EP1_IN_IRQHandler                 0x0800036f   Thumb Code     0  startup_stm32h743xx.o(.text)
    OTG_HS_EP1_OUT_IRQHandler                0x0800036f   Thumb Code     0  startup_stm32h743xx.o(.text)
    OTG_HS_IRQHandler                        0x0800036f   Thumb Code     0  startup_stm32h743xx.o(.text)
    OTG_HS_WKUP_IRQHandler                   0x0800036f   Thumb Code     0  startup_stm32h743xx.o(.text)
    PVD_AVD_IRQHandler                       0x0800036f   Thumb Code     0  startup_stm32h743xx.o(.text)
    QUADSPI_IRQHandler                       0x0800036f   Thumb Code     0  startup_stm32h743xx.o(.text)
    RCC_IRQHandler                           0x0800036f   Thumb Code     0  startup_stm32h743xx.o(.text)
    RNG_IRQHandler                           0x0800036f   Thumb Code     0  startup_stm32h743xx.o(.text)
    RTC_Alarm_IRQHandler                     0x0800036f   Thumb Code     0  startup_stm32h743xx.o(.text)
    RTC_WKUP_IRQHandler                      0x0800036f   Thumb Code     0  startup_stm32h743xx.o(.text)
    SAI1_IRQHandler                          0x0800036f   Thumb Code     0  startup_stm32h743xx.o(.text)
    SAI2_IRQHandler                          0x0800036f   Thumb Code     0  startup_stm32h743xx.o(.text)
    SAI3_IRQHandler                          0x0800036f   Thumb Code     0  startup_stm32h743xx.o(.text)
    SAI4_IRQHandler                          0x0800036f   Thumb Code     0  startup_stm32h743xx.o(.text)
    SDMMC1_IRQHandler                        0x0800036f   Thumb Code     0  startup_stm32h743xx.o(.text)
    SDMMC2_IRQHandler                        0x0800036f   Thumb Code     0  startup_stm32h743xx.o(.text)
    SPDIF_RX_IRQHandler                      0x0800036f   Thumb Code     0  startup_stm32h743xx.o(.text)
    SPI1_IRQHandler                          0x0800036f   Thumb Code     0  startup_stm32h743xx.o(.text)
    SPI2_IRQHandler                          0x0800036f   Thumb Code     0  startup_stm32h743xx.o(.text)
    SPI3_IRQHandler                          0x0800036f   Thumb Code     0  startup_stm32h743xx.o(.text)
    SPI4_IRQHandler                          0x0800036f   Thumb Code     0  startup_stm32h743xx.o(.text)
    SPI5_IRQHandler                          0x0800036f   Thumb Code     0  startup_stm32h743xx.o(.text)
    SPI6_IRQHandler                          0x0800036f   Thumb Code     0  startup_stm32h743xx.o(.text)
    SWPMI1_IRQHandler                        0x0800036f   Thumb Code     0  startup_stm32h743xx.o(.text)
    TAMP_STAMP_IRQHandler                    0x0800036f   Thumb Code     0  startup_stm32h743xx.o(.text)
    TIM15_IRQHandler                         0x0800036f   Thumb Code     0  startup_stm32h743xx.o(.text)
    TIM16_IRQHandler                         0x0800036f   Thumb Code     0  startup_stm32h743xx.o(.text)
    TIM17_IRQHandler                         0x0800036f   Thumb Code     0  startup_stm32h743xx.o(.text)
    TIM1_BRK_IRQHandler                      0x0800036f   Thumb Code     0  startup_stm32h743xx.o(.text)
    TIM1_CC_IRQHandler                       0x0800036f   Thumb Code     0  startup_stm32h743xx.o(.text)
    TIM1_TRG_COM_IRQHandler                  0x0800036f   Thumb Code     0  startup_stm32h743xx.o(.text)
    TIM1_UP_IRQHandler                       0x0800036f   Thumb Code     0  startup_stm32h743xx.o(.text)
    TIM2_IRQHandler                          0x0800036f   Thumb Code     0  startup_stm32h743xx.o(.text)
    TIM3_IRQHandler                          0x0800036f   Thumb Code     0  startup_stm32h743xx.o(.text)
    TIM4_IRQHandler                          0x0800036f   Thumb Code     0  startup_stm32h743xx.o(.text)
    TIM5_IRQHandler                          0x0800036f   Thumb Code     0  startup_stm32h743xx.o(.text)
    TIM6_DAC_IRQHandler                      0x0800036f   Thumb Code     0  startup_stm32h743xx.o(.text)
    TIM7_IRQHandler                          0x0800036f   Thumb Code     0  startup_stm32h743xx.o(.text)
    TIM8_BRK_TIM12_IRQHandler                0x0800036f   Thumb Code     0  startup_stm32h743xx.o(.text)
    TIM8_CC_IRQHandler                       0x0800036f   Thumb Code     0  startup_stm32h743xx.o(.text)
    TIM8_TRG_COM_TIM14_IRQHandler            0x0800036f   Thumb Code     0  startup_stm32h743xx.o(.text)
    TIM8_UP_TIM13_IRQHandler                 0x0800036f   Thumb Code     0  startup_stm32h743xx.o(.text)
    UART4_IRQHandler                         0x0800036f   Thumb Code     0  startup_stm32h743xx.o(.text)
    UART5_IRQHandler                         0x0800036f   Thumb Code     0  startup_stm32h743xx.o(.text)
    UART7_IRQHandler                         0x0800036f   Thumb Code     0  startup_stm32h743xx.o(.text)
    UART8_IRQHandler                         0x0800036f   Thumb Code     0  startup_stm32h743xx.o(.text)
    USART2_IRQHandler                        0x0800036f   Thumb Code     0  startup_stm32h743xx.o(.text)
    USART3_IRQHandler                        0x0800036f   Thumb Code     0  startup_stm32h743xx.o(.text)
    USART6_IRQHandler                        0x0800036f   Thumb Code     0  startup_stm32h743xx.o(.text)
    WAKEUP_PIN_IRQHandler                    0x0800036f   Thumb Code     0  startup_stm32h743xx.o(.text)
    WWDG_IRQHandler                          0x0800036f   Thumb Code     0  startup_stm32h743xx.o(.text)
    __user_initial_stackheap                 0x08000371   Thumb Code     0  startup_stm32h743xx.o(.text)
    OS_CPU_FP_Reg_Push                       0x08000395   Thumb Code     0  os_cpu_a.o(.text)
    OS_CPU_FP_Reg_Pop                        0x080003af   Thumb Code     0  os_cpu_a.o(.text)
    OS_CPU_SR_Save                           0x080003c1   Thumb Code     0  os_cpu_a.o(.text)
    OS_CPU_SR_Restore                        0x080003c9   Thumb Code     0  os_cpu_a.o(.text)
    OSStartHighRdy                           0x080003cf   Thumb Code     0  os_cpu_a.o(.text)
    OSCtxSw                                  0x080003f7   Thumb Code     0  os_cpu_a.o(.text)
    OSIntCtxSw                               0x08000401   Thumb Code     0  os_cpu_a.o(.text)
    PendSV_Handler                           0x0800040b   Thumb Code     0  os_cpu_a.o(.text)
    __use_no_semihosting                     0x08000471   Thumb Code     2  use_no_semi_2.o(.text)
    __use_two_region_memory                  0x08000473   Thumb Code     2  heapauxi.o(.text)
    __rt_heap_escrow$2region                 0x08000475   Thumb Code     2  heapauxi.o(.text)
    __rt_heap_expand$2region                 0x08000477   Thumb Code     2  heapauxi.o(.text)
    __I$use$semihosting                      0x08000479   Thumb Code     0  use_no_semi.o(.text)
    __use_no_semihosting_swi                 0x08000479   Thumb Code     2  use_no_semi.o(.text)
    __user_setup_stackheap                   0x0800047b   Thumb Code    74  sys_stackheap_outer.o(.text)
    exit                                     0x080004c5   Thumb Code    18  exit.o(.text)
    __user_libspace                          0x080004d9   Thumb Code     8  libspace.o(.text)
    __user_perproc_libspace                  0x080004d9   Thumb Code     0  libspace.o(.text)
    __user_perthread_libspace                0x080004d9   Thumb Code     0  libspace.o(.text)
    Cache_Enable                             0x080004e1   Thumb Code    24  sys.o(i.Cache_Enable)
    GPIO_Pin_Set                             0x080004fd   Thumb Code    14  sys.o(i.GPIO_Pin_Set)
    GPIO_Set                                 0x0800050b   Thumb Code   222  sys.o(i.GPIO_Set)
    LED_Init                                 0x080005e9   Thumb Code    54  led.o(i.LED_Init)
    MY_NVIC_SetVectorTable                   0x08000629   Thumb Code    12  sys.o(i.MY_NVIC_SetVectorTable)
    OSInit                                   0x08000639   Thumb Code    44  os_core.o(i.OSInit)
    OSInitHookBegin                          0x08000665   Thumb Code    34  os_cpu_c.o(i.OSInitHookBegin)
    OSInitHookEnd                            0x08000695   Thumb Code     2  os_cpu_c.o(i.OSInitHookEnd)
    OSIntEnter                               0x08000699   Thumb Code    28  os_core.o(i.OSIntEnter)
    OSIntExit                                0x080006bd   Thumb Code   112  os_core.o(i.OSIntExit)
    OSSchedLock                              0x0800074d   Thumb Code    50  os_core.o(i.OSSchedLock)
    OSSchedUnlock                            0x0800078d   Thumb Code    82  os_core.o(i.OSSchedUnlock)
    OSStart                                  0x080007ed   Thumb Code    48  os_core.o(i.OSStart)
    OSStatInit                               0x08000835   Thumb Code    62  os_core.o(i.OSStatInit)
    OSTCBInitHook                            0x08000881   Thumb Code     2  os_cpu_c.o(i.OSTCBInitHook)
    OSTaskCreateExt                          0x08000885   Thumb Code   170  os_task.o(i.OSTaskCreateExt)
    OSTaskCreateHook                         0x0800093d   Thumb Code     2  os_cpu_c.o(i.OSTaskCreateHook)
    OSTaskDel                                0x08000941   Thumb Code   294  os_task.o(i.OSTaskDel)
    OSTaskDelHook                            0x08000a95   Thumb Code     2  os_cpu_c.o(i.OSTaskDelHook)
    OSTaskIdleHook                           0x08000a97   Thumb Code     2  os_cpu_c.o(i.OSTaskIdleHook)
    OSTaskNameSet                            0x08000a99   Thumb Code    98  os_task.o(i.OSTaskNameSet)
    OSTaskReturnHook                         0x08000b09   Thumb Code     2  os_cpu_c.o(i.OSTaskReturnHook)
    OSTaskStatHook                           0x08000b0b   Thumb Code     2  os_cpu_c.o(i.OSTaskStatHook)
    OSTaskStkChk                             0x08000b0d   Thumb Code   128  os_task.o(i.OSTaskStkChk)
    OSTaskStkInit                            0x08000b95   Thumb Code   444  os_cpu_c.o(i.OSTaskStkInit)
    OSTaskSuspend                            0x08000dbd   Thumb Code   152  os_task.o(i.OSTaskSuspend)
    OSTaskSwHook                             0x08000e65   Thumb Code    48  os_cpu_c.o(i.OSTaskSwHook)
    OSTimeDly                                0x08000e9d   Thumb Code   100  os_time.o(i.OSTimeDly)
    OSTimeTick                               0x08000f15   Thumb Code   210  os_core.o(i.OSTimeTick)
    OSTimeTickHook                           0x08001001   Thumb Code     2  os_cpu_c.o(i.OSTimeTickHook)
    OS_Dummy                                 0x08001003   Thumb Code     2  os_core.o(i.OS_Dummy)
    OS_EventTaskRemove                       0x08001005   Thumb Code    46  os_core.o(i.OS_EventTaskRemove)
    OS_FlagInit                              0x08001035   Thumb Code    74  os_flag.o(i.OS_FlagInit)
    OS_FlagUnlink                            0x0800108d   Thumb Code    36  os_flag.o(i.OS_FlagUnlink)
    OS_MemClr                                0x080012c5   Thumb Code    18  os_core.o(i.OS_MemClr)
    OS_QInit                                 0x080012d9   Thumb Code    72  os_q.o(i.OS_QInit)
    OS_Sched                                 0x08001329   Thumb Code    88  os_core.o(i.OS_Sched)
    OS_TCBInit                               0x080013c9   Thumb Code   290  os_core.o(i.OS_TCBInit)
    OS_TaskIdle                              0x08001509   Thumb Code    34  os_core.o(i.OS_TaskIdle)
    OS_TaskReturn                            0x08001531   Thumb Code    18  os_task.o(i.OS_TaskReturn)
    OS_TaskStat                              0x08001549   Thumb Code   140  os_core.o(i.OS_TaskStat)
    OS_TaskStatStkChk                        0x080015e9   Thumb Code    54  os_core.o(i.OS_TaskStatStkChk)
    OS_TaskStkClr                            0x08001625   Thumb Code    26  os_task.o(i.OS_TaskStkClr)
    Stm32_Clock_Init                         0x08001759   Thumb Code    92  sys.o(i.Stm32_Clock_Init)
    SysTick_Handler                          0x080017bd   Thumb Code    24  delay.o(i.SysTick_Handler)
    Sys_Clock_Set                            0x080017d9   Thumb Code   558  sys.o(i.Sys_Clock_Set)
    USART1_IRQHandler                        0x08001a19   Thumb Code   138  usart.o(i.USART1_IRQHandler)
    _sys_exit                                0x08001ab1   Thumb Code     4  usart.o(i._sys_exit)
    delay_init                               0x08001ab5   Thumb Code    64  delay.o(i.delay_init)
    delay_ms                                 0x08001afd   Thumb Code    66  delay.o(i.delay_ms)
    delay_osschedlock                        0x08001b4d   Thumb Code     8  delay.o(i.delay_osschedlock)
    delay_osschedunlock                      0x08001b55   Thumb Code     8  delay.o(i.delay_osschedunlock)
    delay_ostimedly                          0x08001b5d   Thumb Code    12  delay.o(i.delay_ostimedly)
    delay_us                                 0x08001b69   Thumb Code    84  delay.o(i.delay_us)
    led0_task                                0x08001bc1   Thumb Code    38  test.o(i.led0_task)
    led1_task                                0x08001bed   Thumb Code    40  test.o(i.led1_task)
    main                                     0x08001c19   Thumb Code    72  test.o(i.main)
    start_task                               0x08001c6d   Thumb Code    94  test.o(i.start_task)
    _fp_init                                 0x08001ce5   Thumb Code    10  fpinit.o(x$fpl$fpinit)
    __fplib_config_fpu_vfp                   0x08001ced   Thumb Code     0  fpinit.o(x$fpl$fpinit)
    __fplib_config_pureend_doubles           0x08001ced   Thumb Code     0  fpinit.o(x$fpl$fpinit)
    OSUnMapTbl                               0x08001cee   Data         256  os_core.o(.constdata)
    Region$$Table$$Base                      0x08001df0   Number         0  anon$$obj.o(Region$$Table)
    Region$$Table$$Limit                     0x08001e10   Number         0  anon$$obj.o(Region$$Table)
    __stdout                                 0x24000004   Data           4  usart.o(.data)
    USART_RX_STA                             0x24000008   Data           2  usart.o(.data)
    OSCtxSwCtr                               0x2400000c   Data           4  os_core.o(.data)
    OSEventFreeList                          0x24000010   Data           4  os_core.o(.data)
    OSFlagFreeList                           0x24000014   Data           4  os_core.o(.data)
    OSCPUUsage                               0x24000018   Data           1  os_core.o(.data)
    OSIdleCtrMax                             0x2400001c   Data           4  os_core.o(.data)
    OSIdleCtrRun                             0x24000020   Data           4  os_core.o(.data)
    OSStatRdy                                0x24000024   Data           1  os_core.o(.data)
    OSIntNesting                             0x24000025   Data           1  os_core.o(.data)
    OSLockNesting                            0x24000026   Data           1  os_core.o(.data)
    OSPrioCur                                0x24000027   Data           1  os_core.o(.data)
    OSPrioHighRdy                            0x24000028   Data           1  os_core.o(.data)
    OSRdyGrp                                 0x24000029   Data           1  os_core.o(.data)
    OSRdyTbl                                 0x2400002a   Data           8  os_core.o(.data)
    OSRunning                                0x24000032   Data           1  os_core.o(.data)
    OSTaskCtr                                0x24000033   Data           1  os_core.o(.data)
    OSIdleCtr                                0x24000034   Data           4  os_core.o(.data)
    OSTCBCur                                 0x24000038   Data           4  os_core.o(.data)
    OSTCBFreeList                            0x2400003c   Data           4  os_core.o(.data)
    OSTCBHighRdy                             0x24000040   Data           4  os_core.o(.data)
    OSTCBList                                0x24000044   Data           4  os_core.o(.data)
    OSTickStepState                          0x24000048   Data           1  os_core.o(.data)
    OSQFreeList                              0x2400004c   Data           4  os_core.o(.data)
    OSTaskRegNextAvailID                     0x24000050   Data           1  os_core.o(.data)
    OSTime                                   0x24000054   Data           4  os_core.o(.data)
    OS_CPU_ExceptStkBase                     0x24000058   Data           4  os_cpu_c.o(.data)
    START_TASK_STK                           0x2400005c   Data         512  test.o(.bss)
    LED0_TASK_STK                            0x2400025c   Data         512  test.o(.bss)
    LED1_TASK_STK                            0x2400045c   Data         512  test.o(.bss)
    USART_RX_BUF                             0x2400065c   Data         200  usart.o(.bss)
    OSEventTbl                               0x24000724   Data         400  os_core.o(.bss)
    OSFlagTbl                                0x240008b4   Data          80  os_core.o(.bss)
    OSTaskStatStk                            0x24000904   Data         512  os_core.o(.bss)
    OSTaskIdleStk                            0x24000b04   Data         512  os_core.o(.bss)
    OSTCBPrioTbl                             0x24000d04   Data         256  os_core.o(.bss)
    OSTCBTbl                                 0x24000e04   Data        1848  os_core.o(.bss)
    OSQTbl                                   0x2400153c   Data         120  os_core.o(.bss)
    OS_CPU_ExceptStk                         0x240015b4   Data         512  os_cpu_c.o(.bss)
    __libspace_start                         0x240017b4   Data          96  libspace.o(.bss)
    __temporary_stack_top$libspace           0x24001814   Data           0  libspace.o(.bss)



==============================================================================

Memory Map of the image

  Image Entry point : 0x08000299

  Load Region LR_IROM1 (Base: 0x08000000, Size: 0x00001e6c, Max: 0x00200000, ABSOLUTE)

    Execution Region ER_IROM1 (Exec base: 0x08000000, Load base: 0x08000000, Size: 0x00001e10, Max: 0x00200000, ABSOLUTE)

    Exec Addr    Load Addr    Size         Type   Attr      Idx    E Section Name        Object

    0x08000000   0x08000000   0x00000298   Data   RO            3    RESET               startup_stm32h743xx.o
    0x08000298   0x08000298   0x00000008   Code   RO         1975  * !!!main             c_w.l(__main.o)
    0x080002a0   0x080002a0   0x00000034   Code   RO         2138    !!!scatter          c_w.l(__scatter.o)
    0x080002d4   0x080002d4   0x0000001a   Code   RO         2140    !!handler_copy      c_w.l(__scatter_copy.o)
    0x080002ee   0x080002ee   0x00000002   PAD
    0x080002f0   0x080002f0   0x0000001c   Code   RO         2142    !!handler_zi        c_w.l(__scatter_zi.o)
    0x0800030c   0x0800030c   0x00000002   Code   RO         2014    .ARM.Collect$$libinit$$00000000  c_w.l(libinit.o)
    0x0800030e   0x0800030e   0x00000004   Code   RO         2026    .ARM.Collect$$libinit$$00000001  c_w.l(libinit2.o)
    0x08000312   0x08000312   0x00000000   Code   RO         2029    .ARM.Collect$$libinit$$00000004  c_w.l(libinit2.o)
    0x08000312   0x08000312   0x00000000   Code   RO         2032    .ARM.Collect$$libinit$$0000000A  c_w.l(libinit2.o)
    0x08000312   0x08000312   0x00000000   Code   RO         2034    .ARM.Collect$$libinit$$0000000C  c_w.l(libinit2.o)
    0x08000312   0x08000312   0x00000000   Code   RO         2036    .ARM.Collect$$libinit$$0000000E  c_w.l(libinit2.o)
    0x08000312   0x08000312   0x00000000   Code   RO         2039    .ARM.Collect$$libinit$$00000011  c_w.l(libinit2.o)
    0x08000312   0x08000312   0x00000000   Code   RO         2041    .ARM.Collect$$libinit$$00000013  c_w.l(libinit2.o)
    0x08000312   0x08000312   0x00000000   Code   RO         2043    .ARM.Collect$$libinit$$00000015  c_w.l(libinit2.o)
    0x08000312   0x08000312   0x00000000   Code   RO         2045    .ARM.Collect$$libinit$$00000017  c_w.l(libinit2.o)
    0x08000312   0x08000312   0x00000000   Code   RO         2047    .ARM.Collect$$libinit$$00000019  c_w.l(libinit2.o)
    0x08000312   0x08000312   0x00000000   Code   RO         2049    .ARM.Collect$$libinit$$0000001B  c_w.l(libinit2.o)
    0x08000312   0x08000312   0x00000000   Code   RO         2051    .ARM.Collect$$libinit$$0000001D  c_w.l(libinit2.o)
    0x08000312   0x08000312   0x00000000   Code   RO         2053    .ARM.Collect$$libinit$$0000001F  c_w.l(libinit2.o)
    0x08000312   0x08000312   0x00000000   Code   RO         2055    .ARM.Collect$$libinit$$00000021  c_w.l(libinit2.o)
    0x08000312   0x08000312   0x00000000   Code   RO         2057    .ARM.Collect$$libinit$$00000023  c_w.l(libinit2.o)
    0x08000312   0x08000312   0x00000000   Code   RO         2059    .ARM.Collect$$libinit$$00000025  c_w.l(libinit2.o)
    0x08000312   0x08000312   0x00000000   Code   RO         2063    .ARM.Collect$$libinit$$0000002C  c_w.l(libinit2.o)
    0x08000312   0x08000312   0x00000000   Code   RO         2065    .ARM.Collect$$libinit$$0000002E  c_w.l(libinit2.o)
    0x08000312   0x08000312   0x00000000   Code   RO         2067    .ARM.Collect$$libinit$$00000030  c_w.l(libinit2.o)
    0x08000312   0x08000312   0x00000000   Code   RO         2069    .ARM.Collect$$libinit$$00000032  c_w.l(libinit2.o)
    0x08000312   0x08000312   0x00000002   Code   RO         2070    .ARM.Collect$$libinit$$00000033  c_w.l(libinit2.o)
    0x08000314   0x08000314   0x00000002   Code   RO         2094    .ARM.Collect$$libshutdown$$00000000  c_w.l(libshutdown.o)
    0x08000316   0x08000316   0x00000000   Code   RO         2120    .ARM.Collect$$libshutdown$$00000002  c_w.l(libshutdown2.o)
    0x08000316   0x08000316   0x00000000   Code   RO         2122    .ARM.Collect$$libshutdown$$00000004  c_w.l(libshutdown2.o)
    0x08000316   0x08000316   0x00000000   Code   RO         2125    .ARM.Collect$$libshutdown$$00000007  c_w.l(libshutdown2.o)
    0x08000316   0x08000316   0x00000000   Code   RO         2128    .ARM.Collect$$libshutdown$$0000000A  c_w.l(libshutdown2.o)
    0x08000316   0x08000316   0x00000000   Code   RO         2130    .ARM.Collect$$libshutdown$$0000000C  c_w.l(libshutdown2.o)
    0x08000316   0x08000316   0x00000000   Code   RO         2133    .ARM.Collect$$libshutdown$$0000000F  c_w.l(libshutdown2.o)
    0x08000316   0x08000316   0x00000002   Code   RO         2134    .ARM.Collect$$libshutdown$$00000010  c_w.l(libshutdown2.o)
    0x08000318   0x08000318   0x00000000   Code   RO         1979    .ARM.Collect$$rtentry$$00000000  c_w.l(__rtentry.o)
    0x08000318   0x08000318   0x00000000   Code   RO         1985    .ARM.Collect$$rtentry$$00000002  c_w.l(__rtentry2.o)
    0x08000318   0x08000318   0x00000006   Code   RO         1997    .ARM.Collect$$rtentry$$00000004  c_w.l(__rtentry4.o)
    0x0800031e   0x0800031e   0x00000000   Code   RO         1987    .ARM.Collect$$rtentry$$00000009  c_w.l(__rtentry2.o)
    0x0800031e   0x0800031e   0x00000004   Code   RO         1988    .ARM.Collect$$rtentry$$0000000A  c_w.l(__rtentry2.o)
    0x08000322   0x08000322   0x00000000   Code   RO         1990    .ARM.Collect$$rtentry$$0000000C  c_w.l(__rtentry2.o)
    0x08000322   0x08000322   0x00000008   Code   RO         1991    .ARM.Collect$$rtentry$$0000000D  c_w.l(__rtentry2.o)
    0x0800032a   0x0800032a   0x00000002   Code   RO         2018    .ARM.Collect$$rtexit$$00000000  c_w.l(rtexit.o)
    0x0800032c   0x0800032c   0x00000000   Code   RO         2072    .ARM.Collect$$rtexit$$00000002  c_w.l(rtexit2.o)
    0x0800032c   0x0800032c   0x00000004   Code   RO         2073    .ARM.Collect$$rtexit$$00000003  c_w.l(rtexit2.o)
    0x08000330   0x08000330   0x00000006   Code   RO         2074    .ARM.Collect$$rtexit$$00000004  c_w.l(rtexit2.o)
    0x08000336   0x08000336   0x00000002   PAD
    0x08000338   0x08000338   0x0000005c   Code   RO            4    .text               startup_stm32h743xx.o
    0x08000394   0x08000394   0x000000dc   Code   RO         1946    .text               os_cpu_a.o
    0x08000470   0x08000470   0x00000002   Code   RO         1969    .text               c_w.l(use_no_semi_2.o)
    0x08000472   0x08000472   0x00000006   Code   RO         1973    .text               c_w.l(heapauxi.o)
    0x08000478   0x08000478   0x00000002   Code   RO         1977    .text               c_w.l(use_no_semi.o)
    0x0800047a   0x0800047a   0x0000004a   Code   RO         2001    .text               c_w.l(sys_stackheap_outer.o)
    0x080004c4   0x080004c4   0x00000012   Code   RO         2003    .text               c_w.l(exit.o)
    0x080004d6   0x080004d6   0x00000002   PAD
    0x080004d8   0x080004d8   0x00000008   Code   RO         2015    .text               c_w.l(libspace.o)
    0x080004e0   0x080004e0   0x0000001c   Code   RO          189    i.Cache_Enable      sys.o
    0x080004fc   0x080004fc   0x0000000e   Code   RO          193    i.GPIO_Pin_Set      sys.o
    0x0800050a   0x0800050a   0x000000de   Code   RO          194    i.GPIO_Set          sys.o
    0x080005e8   0x080005e8   0x00000040   Code   RO          379    i.LED_Init          led.o
    0x08000628   0x08000628   0x00000010   Code   RO          199    i.MY_NVIC_SetVectorTable  sys.o
    0x08000638   0x08000638   0x0000002c   Code   RO         1199    i.OSInit            os_core.o
    0x08000664   0x08000664   0x00000030   Code   RO         1842    i.OSInitHookBegin   os_cpu_c.o
    0x08000694   0x08000694   0x00000002   Code   RO         1843    i.OSInitHookEnd     os_cpu_c.o
    0x08000696   0x08000696   0x00000002   PAD
    0x08000698   0x08000698   0x00000024   Code   RO         1200    i.OSIntEnter        os_core.o
    0x080006bc   0x080006bc   0x00000090   Code   RO         1201    i.OSIntExit         os_core.o
    0x0800074c   0x0800074c   0x00000040   Code   RO         1202    i.OSSchedLock       os_core.o
    0x0800078c   0x0800078c   0x00000060   Code   RO         1203    i.OSSchedUnlock     os_core.o
    0x080007ec   0x080007ec   0x00000048   Code   RO         1204    i.OSStart           os_core.o
    0x08000834   0x08000834   0x0000004c   Code   RO         1205    i.OSStatInit        os_core.o
    0x08000880   0x08000880   0x00000002   Code   RO         1844    i.OSTCBInitHook     os_cpu_c.o
    0x08000882   0x08000882   0x00000002   PAD
    0x08000884   0x08000884   0x000000b8   Code   RO         1697    i.OSTaskCreateExt   os_task.o
    0x0800093c   0x0800093c   0x00000002   Code   RO         1845    i.OSTaskCreateHook  os_cpu_c.o
    0x0800093e   0x0800093e   0x00000002   PAD
    0x08000940   0x08000940   0x00000154   Code   RO         1698    i.OSTaskDel         os_task.o
    0x08000a94   0x08000a94   0x00000002   Code   RO         1846    i.OSTaskDelHook     os_cpu_c.o
    0x08000a96   0x08000a96   0x00000002   Code   RO         1847    i.OSTaskIdleHook    os_cpu_c.o
    0x08000a98   0x08000a98   0x00000070   Code   RO         1701    i.OSTaskNameSet     os_task.o
    0x08000b08   0x08000b08   0x00000002   Code   RO         1848    i.OSTaskReturnHook  os_cpu_c.o
    0x08000b0a   0x08000b0a   0x00000002   Code   RO         1849    i.OSTaskStatHook    os_cpu_c.o
    0x08000b0c   0x08000b0c   0x00000088   Code   RO         1707    i.OSTaskStkChk      os_task.o
    0x08000b94   0x08000b94   0x00000228   Code   RO         1850    i.OSTaskStkInit     os_cpu_c.o
    0x08000dbc   0x08000dbc   0x000000a8   Code   RO         1708    i.OSTaskSuspend     os_task.o
    0x08000e64   0x08000e64   0x00000038   Code   RO         1851    i.OSTaskSwHook      os_cpu_c.o
    0x08000e9c   0x08000e9c   0x00000078   Code   RO         1797    i.OSTimeDly         os_time.o
    0x08000f14   0x08000f14   0x000000ec   Code   RO         1206    i.OSTimeTick        os_core.o
    0x08001000   0x08001000   0x00000002   Code   RO         1852    i.OSTimeTickHook    os_cpu_c.o
    0x08001002   0x08001002   0x00000002   Code   RO         1208    i.OS_Dummy          os_core.o
    0x08001004   0x08001004   0x0000002e   Code   RO         1210    i.OS_EventTaskRemove  os_core.o
    0x08001032   0x08001032   0x00000002   PAD
    0x08001034   0x08001034   0x00000058   Code   RO         1390    i.OS_FlagInit       os_flag.o
    0x0800108c   0x0800108c   0x00000024   Code   RO         1392    i.OS_FlagUnlink     os_flag.o
    0x080010b0   0x080010b0   0x00000054   Code   RO         1213    i.OS_InitEventList  os_core.o
    0x08001104   0x08001104   0x0000005c   Code   RO         1214    i.OS_InitMisc       os_core.o
    0x08001160   0x08001160   0x00000044   Code   RO         1215    i.OS_InitRdyList    os_core.o
    0x080011a4   0x080011a4   0x00000080   Code   RO         1216    i.OS_InitTCBList    os_core.o
    0x08001224   0x08001224   0x00000050   Code   RO         1217    i.OS_InitTaskIdle   os_core.o
    0x08001274   0x08001274   0x00000050   Code   RO         1218    i.OS_InitTaskStat   os_core.o
    0x080012c4   0x080012c4   0x00000012   Code   RO         1219    i.OS_MemClr         os_core.o
    0x080012d6   0x080012d6   0x00000002   PAD
    0x080012d8   0x080012d8   0x00000050   Code   RO         1579    i.OS_QInit          os_q.o
    0x08001328   0x08001328   0x00000074   Code   RO         1221    i.OS_Sched          os_core.o
    0x0800139c   0x0800139c   0x0000002c   Code   RO         1222    i.OS_SchedNew       os_core.o
    0x080013c8   0x080013c8   0x00000140   Code   RO         1224    i.OS_TCBInit        os_core.o
    0x08001508   0x08001508   0x00000028   Code   RO         1225    i.OS_TaskIdle       os_core.o
    0x08001530   0x08001530   0x00000018   Code   RO         1709    i.OS_TaskReturn     os_task.o
    0x08001548   0x08001548   0x000000a0   Code   RO         1226    i.OS_TaskStat       os_core.o
    0x080015e8   0x080015e8   0x0000003c   Code   RO         1227    i.OS_TaskStatStkChk  os_core.o
    0x08001624   0x08001624   0x0000001a   Code   RO         1710    i.OS_TaskStkClr     os_task.o
    0x0800163e   0x0800163e   0x00000002   PAD
    0x08001640   0x08001640   0x0000009c   Code   RO          200    i.SCB_EnableDCache  sys.o
    0x080016dc   0x080016dc   0x0000007c   Code   RO          201    i.SCB_EnableICache  sys.o
    0x08001758   0x08001758   0x00000064   Code   RO          202    i.Stm32_Clock_Init  sys.o
    0x080017bc   0x080017bc   0x0000001c   Code   RO          126    i.SysTick_Handler   delay.o
    0x080017d8   0x080017d8   0x00000240   Code   RO          203    i.Sys_Clock_Set     sys.o
    0x08001a18   0x08001a18   0x00000098   Code   RO          320    i.USART1_IRQHandler  usart.o
    0x08001ab0   0x08001ab0   0x00000004   Code   RO          321    i._sys_exit         usart.o
    0x08001ab4   0x08001ab4   0x00000048   Code   RO          127    i.delay_init        delay.o
    0x08001afc   0x08001afc   0x00000050   Code   RO          128    i.delay_ms          delay.o
    0x08001b4c   0x08001b4c   0x00000008   Code   RO          129    i.delay_osschedlock  delay.o
    0x08001b54   0x08001b54   0x00000008   Code   RO          130    i.delay_osschedunlock  delay.o
    0x08001b5c   0x08001b5c   0x0000000c   Code   RO          131    i.delay_ostimedly   delay.o
    0x08001b68   0x08001b68   0x00000058   Code   RO          132    i.delay_us          delay.o
    0x08001bc0   0x08001bc0   0x0000002c   Code   RO           13    i.led0_task         test.o
    0x08001bec   0x08001bec   0x0000002c   Code   RO           14    i.led1_task         test.o
    0x08001c18   0x08001c18   0x00000054   Code   RO           15    i.main              test.o
    0x08001c6c   0x08001c6c   0x00000078   Code   RO           16    i.start_task        test.o
    0x08001ce4   0x08001ce4   0x0000000a   Code   RO         2084    x$fpl$fpinit        fz_wv.l(fpinit.o)
    0x08001cee   0x08001cee   0x00000100   Data   RO         1229    .constdata          os_core.o
    0x08001dee   0x08001dee   0x00000002   PAD
    0x08001df0   0x08001df0   0x00000020   Data   RO         2136    Region$$Table       anon$$obj.o


    Execution Region RW_IRAM2 (Exec base: 0x24000000, Load base: 0x08001e10, Size: 0x00002018, Max: 0x00080000, ABSOLUTE)

    Exec Addr    Load Addr    Size         Type   Attr      Idx    E Section Name        Object

    0x24000000   0x08001e10   0x00000004   Data   RW          133    .data               delay.o
    0x24000004   0x08001e14   0x00000006   Data   RW          326    .data               usart.o
    0x2400000a   0x08001e1a   0x00000002   PAD
    0x2400000c   0x08001e1c   0x0000004c   Data   RW         1230    .data               os_core.o
    0x24000058   0x08001e68   0x00000004   Data   RW         1856    .data               os_cpu_c.o
    0x2400005c        -       0x00000600   Zero   RW           17    .bss                test.o
    0x2400065c        -       0x000000c8   Zero   RW          325    .bss                usart.o
    0x24000724        -       0x00000e90   Zero   RW         1228    .bss                os_core.o
    0x240015b4        -       0x00000200   Zero   RW         1855    .bss                os_cpu_c.o
    0x240017b4        -       0x00000060   Zero   RW         2016    .bss                c_w.l(libspace.o)
    0x24001814   0x08001e6c   0x00000004   PAD
    0x24001818        -       0x00000000   Zero   RW            2    HEAP                startup_stm32h743xx.o
    0x24001818        -       0x00000800   Zero   RW            1    STACK               startup_stm32h743xx.o


==============================================================================

Image component sizes


      Code (inc. data)   RO Data    RW Data    ZI Data      Debug   Object Name

       296         30          0          4          0       4349   delay.o
        64         10          0          0          0        523   led.o
      2106        398        256         76       3728      23269   os_core.o
       220         36          0          0          0        448   os_cpu_a.o
       672        130          0          4        512      16299   os_cpu_c.o
       124         14          0          0          0       1382   os_flag.o
        80          8          0          0          0        655   os_q.o
       990        104          0          0          0       6561   os_task.o
       120         20          0          0          0        720   os_time.o
        92         26        664          0       2048        888   startup_stm32h743xx.o
      1236         50          0          0          0      40352   sys.o
       292         48          0          0       1536     963762   test.o
       156         14          0          6        200       3108   usart.o

    ----------------------------------------------------------------------
      6460        888        954         92       8024    1062316   Object Totals
         0          0         32          0          0          0   (incl. Generated)
        12          0          2          2          0          0   (incl. Padding)

    ----------------------------------------------------------------------

      Code (inc. data)   RO Data    RW Data    ZI Data      Debug   Library Member Name

         8          0          0          0          0         68   __main.o
         0          0          0          0          0          0   __rtentry.o
        12          0          0          0          0          0   __rtentry2.o
         6          0          0          0          0          0   __rtentry4.o
        52          8          0          0          0          0   __scatter.o
        26          0          0          0          0          0   __scatter_copy.o
        28          0          0          0          0          0   __scatter_zi.o
        18          0          0          0          0         80   exit.o
         6          0          0          0          0        152   heapauxi.o
         2          0          0          0          0          0   libinit.o
         6          0          0          0          0          0   libinit2.o
         2          0          0          0          0          0   libshutdown.o
         2          0          0          0          0          0   libshutdown2.o
         8          4          0          0         96         68   libspace.o
         2          0          0          0          0          0   rtexit.o
        10          0          0          0          0          0   rtexit2.o
        74          0          0          0          0         80   sys_stackheap_outer.o
         2          0          0          0          0         68   use_no_semi.o
         2          0          0          0          0         68   use_no_semi_2.o
        10          0          0          0          0        116   fpinit.o

    ----------------------------------------------------------------------
       282         12          0          0        100        700   Library Totals
         6          0          0          0          4          0   (incl. Padding)

    ----------------------------------------------------------------------

      Code (inc. data)   RO Data    RW Data    ZI Data      Debug   Library Name

       266         12          0          0         96        584   c_w.l
        10          0          0          0          0        116   fz_wv.l

    ----------------------------------------------------------------------
       282         12          0          0        100        700   Library Totals

    ----------------------------------------------------------------------

==============================================================================


      Code (inc. data)   RO Data    RW Data    ZI Data      Debug   

      6742        900        954         92       8124    1056760   Grand Totals
      6742        900        954         92       8124    1056760   ELF Image Totals
      6742        900        954         92          0          0   ROM Totals

==============================================================================

    Total RO  Size (Code + RO Data)                 7696 (   7.52kB)
    Total RW  Size (RW Data + ZI Data)              8216 (   8.02kB)
    Total ROM Size (Code + RO Data + RW Data)       7788 (   7.61kB)

==============================================================================

